 Zigor_Model_sfun

 Timestamp is 5550c517 (Mon May 11 17:04:55 2015)

 Preferred load address is 0000000180000000

 Start         Length     Name                   Class
 0001:00000000 0003d7c4H .text                   CODE
 0001:0003d7d0 00000092H .text$x                 CODE
 0002:00000000 000004b0H .idata$5                DATA
 0002:000004b0 00000008H .CRT$XCA                DATA
 0002:000004b8 00000008H .CRT$XCZ                DATA
 0002:000004c0 00000008H .CRT$XIA                DATA
 0002:000004c8 00000008H .CRT$XIAA               DATA
 0002:000004d0 00000008H .CRT$XIZ                DATA
 0002:000004e0 00004b7cH .rdata                  DATA
 0002:00005060 00000008H .rtc$IAA                DATA
 0002:00005068 00000008H .rtc$IZZ                DATA
 0002:00005070 00000008H .rtc$TAA                DATA
 0002:00005078 00000008H .rtc$TZZ                DATA
 0002:00005080 0000417cH .xdata                  DATA
 0002:000091fc 000000a0H .idata$2                DATA
 0002:0000929c 00000014H .idata$3                DATA
 0002:000092b0 000004b0H .idata$4                DATA
 0002:00009760 00000aeaH .idata$6                DATA
 0002:0000a250 00000056H .edata                  DATA
 0003:00000000 00003ec8H .data                   DATA
 0003:00003ee0 000026d8H .bss                    DATA
 0004:00000000 00003264H .pdata                  DATA

  Address         Publics by Value              Rva+Base               Lib:Object

 0000:00000000       ___safe_se_handler_table   0000000000000000     <absolute>
 0000:00000000       ___safe_se_handler_count   0000000000000000     <absolute>
 0000:00000000       __ImageBase                0000000180000000     <linker-defined>
 0001:00000000       sf_c4_Zigor_Model_get_eml_resolved_functions_info 0000000180001000 f   c4_Zigor_Model.obj
 0001:00000d40       sf_c4_Zigor_Model_get_check_sum 0000000180001d40 f   c4_Zigor_Model.obj
 0001:00000dc0       sf_c4_Zigor_Model_get_autoinheritance_info 0000000180001dc0 f   c4_Zigor_Model.obj
 0001:000011e0       sf_internal_get_sim_state_c4_Zigor_Model 00000001800021e0 f   c4_Zigor_Model.obj
 0001:00001530       sf_internal_set_sim_state_c4_Zigor_Model 0000000180002530 f   c4_Zigor_Model.obj
 0001:00001930       c4_Zigor_Model_method_dispatcher 0000000180002930 f   c4_Zigor_Model.obj
 0001:00004c10       sf_c5_Zigor_Model_get_eml_resolved_functions_info 0000000180005c10 f   c5_Zigor_Model.obj
 0001:00005ef0       sf_c5_Zigor_Model_get_check_sum 0000000180006ef0 f   c5_Zigor_Model.obj
 0001:00005f70       sf_c5_Zigor_Model_get_autoinheritance_info 0000000180006f70 f   c5_Zigor_Model.obj
 0001:00006390       sf_internal_get_sim_state_c5_Zigor_Model 0000000180007390 f   c5_Zigor_Model.obj
 0001:000066e0       sf_internal_set_sim_state_c5_Zigor_Model 00000001800076e0 f   c5_Zigor_Model.obj
 0001:00006ae0       c5_Zigor_Model_method_dispatcher 0000000180007ae0 f   c5_Zigor_Model.obj
 0001:0000b110       sf_process_check_sum_call  000000018000c110 f   Zigor_Model_sfun_registry.obj
 0001:0000b160       sf_process_autoinheritance_call 000000018000c160 f   Zigor_Model_sfun_registry.obj
 0001:0000b300       sf_process_get_eml_resolved_functions_info_call 000000018000c300 f   Zigor_Model_sfun_registry.obj
 0001:0000b480       sf_mex_unlock_call         000000018000c480 f   Zigor_Model_sfun_registry.obj
 0001:0000b530       sf_machine_global_initializer_called 000000018000c530 f   Zigor_Model_sfun_registry.obj
 0001:0000b560       sf_machine_global_method_dispatcher 000000018000c560 f   Zigor_Model_sfun_registry.obj
 0001:0000b5c0       sf_machine_global_terminator 000000018000c5c0 f   Zigor_Model_sfun_registry.obj
 0001:0000b600       sf_register_machine_exported_symbols 000000018000c600 f   Zigor_Model_sfun_registry.obj
 0001:0000b620       callCustomFcn              000000018000c620 f   Zigor_Model_sfun_registry.obj
 0001:0000b630       sf_machine_global_initializer 000000018000c630 f   Zigor_Model_sfun_registry.obj
 0001:0000b6a0       _ssSetStateAbsTol          000000018000c6a0 f   Zigor_Model_sfun_registry.obj
 0001:0000b780       _ssGetAbsTol               000000018000c780 f   Zigor_Model_sfun_registry.obj
 0001:0000b7f0       _ssSetInputPortMatrixDimensions 000000018000c7f0 f   Zigor_Model_sfun_registry.obj
 0001:0000b900       _ssSetOutputPortMatrixDimensions 000000018000c900 f   Zigor_Model_sfun_registry.obj
 0001:0000ba10       _ssSetInputPortVectorDimension 000000018000ca10 f   Zigor_Model_sfun_registry.obj
 0001:0000bae0       _ssSetOutputPortVectorDimension 000000018000cae0 f   Zigor_Model_sfun_registry.obj
 0001:0000bbb0       ssIsRunTimeParamTunable    000000018000cbb0 f   Zigor_Model_sfun_registry.obj
 0001:0000bc20       ssGetSFuncBlockHandle      000000018000cc20 f   Zigor_Model_sfun_registry.obj
 0001:0000bc90       _ssGetCurrentInputPortWidth 000000018000cc90 f   Zigor_Model_sfun_registry.obj
 0001:0000bdb0       _ssGetCurrentOutputPortWidth 000000018000cdb0 f   Zigor_Model_sfun_registry.obj
 0001:0000bed0       _ssGetCallSystemNumFcnCallDestinations 000000018000ced0 f   Zigor_Model_sfun_registry.obj
 0001:0000bf40       ssWarning                  000000018000cf40 f   Zigor_Model_sfun_registry.obj
 0001:0000c050       ssGetIsZeroCrossControlDisabled 000000018000d050 f   Zigor_Model_sfun_registry.obj
 0001:0000c0c0       ssSetIsInputPortUsedForContZcSignal 000000018000d0c0 f   Zigor_Model_sfun_registry.obj
 0001:0000c130       ssSetZcSignalIsZcElementDisc 000000018000d130 f   Zigor_Model_sfun_registry.obj
 0001:0000c1e0       ssSetZcSignalName          000000018000d1e0 f   Zigor_Model_sfun_registry.obj
 0001:0000c250       ssSetZcSignalWidth         000000018000d250 f   Zigor_Model_sfun_registry.obj
 0001:0000c2c0       ssSetZcSignalZcEventType   000000018000d2c0 f   Zigor_Model_sfun_registry.obj
 0001:0000c330       ssSetZcSignalType          000000018000d330 f   Zigor_Model_sfun_registry.obj
 0001:0000c3a0       ssSetZcSignalZcTol         000000018000d3a0 f   Zigor_Model_sfun_registry.obj
 0001:0000c410       ssSetZcSignalNeedsEventNotification 000000018000d410 f   Zigor_Model_sfun_registry.obj
 0001:0000c480       ssCreateAndAddZcSignalInfo 000000018000d480 f   Zigor_Model_sfun_registry.obj
 0001:0000c4f0       ssCloneAndAddZcSignalInfo  000000018000d4f0 f   Zigor_Model_sfun_registry.obj
 0001:0000c560       ssGetNumZcSignals          000000018000d560 f   Zigor_Model_sfun_registry.obj
 0001:0000c5d0       ssGetZcSignalVector        000000018000d5d0 f   Zigor_Model_sfun_registry.obj
 0001:0000c640       ssGetZcSignalZcEvents      000000018000d640 f   Zigor_Model_sfun_registry.obj
 0001:0000c6b0       ssGetZcSignalName          000000018000d6b0 f   Zigor_Model_sfun_registry.obj
 0001:0000c720       ssGetZcSignalWidth         000000018000d720 f   Zigor_Model_sfun_registry.obj
 0001:0000c790       ssGetZcSignalZcEventType   000000018000d790 f   Zigor_Model_sfun_registry.obj
 0001:0000c800       ssGetZcSignalType          000000018000d800 f   Zigor_Model_sfun_registry.obj
 0001:0000c870       ssGetZcSignalZcTol         000000018000d870 f   Zigor_Model_sfun_registry.obj
 0001:0000c8f0       ssGetZcSignalNeedsEventNotification 000000018000d8f0 f   Zigor_Model_sfun_registry.obj
 0001:0000c960       ssGetZcSignalIsZcElementDisc 000000018000d960 f   Zigor_Model_sfun_registry.obj
 0001:0000ca00       ssGetIsInputPortElementContinuous 000000018000da00 f   Zigor_Model_sfun_registry.obj
 0001:0000caa0       _ssGetInputPortSignalPtrsFcn 000000018000daa0 f   Zigor_Model_sfun_registry.obj
 0001:0000cd60       _ssGetInputPortSignalFcn   000000018000dd60 f   Zigor_Model_sfun_registry.obj
 0001:0000cf80       _ssSetInputPortDirectFeedThroughFcn 000000018000df80 f   Zigor_Model_sfun_registry.obj
 0001:0000d0e0       _ssSetInputPortReusableFcn 000000018000e0e0 f   Zigor_Model_sfun_registry.obj
 0001:0000d1d0       _ssSetOutputPortReusableFcn 000000018000e1d0 f   Zigor_Model_sfun_registry.obj
 0001:0000d2b0       ssGetDTypeIdFromMxArray    000000018000e2b0 f   Zigor_Model_sfun_registry.obj
 0001:0000d3d0       ssWriteRTWStr              000000018000e3d0 f   Zigor_Model_sfun_registry.obj
 0001:0000d430       ssWriteRTWMxVectParam      000000018000e430 f   Zigor_Model_sfun_registry.obj
 0001:0000d490       ssWriteRTWMx2dMatParam     000000018000e490 f   Zigor_Model_sfun_registry.obj
 0001:0000d510       ssWriteRTWNameValuePair    000000018000e510 f   Zigor_Model_sfun_registry.obj
 0001:0000da00       ssWriteRTWParameters       000000018000ea00 f   Zigor_Model_sfun_registry.obj
 0001:0000e000       ssWriteRTWParamSettings    000000018000f000 f   Zigor_Model_sfun_registry.obj
 0001:0000e6d0       ssWriteRTWWorkVect         000000018000f6d0 f   Zigor_Model_sfun_registry.obj
 0001:0000ebd0       mexFunction                000000018000fbd0 f   Zigor_Model_sfun_registry.obj
 0001:00010890       ProcessMexSfunctionEveryCall 0000000180011890 f   Zigor_Model_sfun_registry.obj
 0001:00010a00       Zigor_Model_initializer    0000000180011a00 f   Zigor_Model_sfun.obj
 0001:00010a10       Zigor_Model_terminator     0000000180011a10 f   Zigor_Model_sfun.obj
 0001:00010a20       sf_Zigor_Model_method_dispatcher 0000000180011a20 f   Zigor_Model_sfun.obj
 0001:00010a90       sf_Zigor_Model_process_check_sum_call 0000000180011a90 f   Zigor_Model_sfun.obj
 0001:00010eb0       sf_Zigor_Model_autoinheritance_info 0000000180011eb0 f   Zigor_Model_sfun.obj
 0001:00011070       sf_Zigor_Model_get_eml_resolved_functions_info 0000000180012070 f   Zigor_Model_sfun.obj
 0001:000111e0       Zigor_Model_debug_initialize 00000001800121e0 f   Zigor_Model_sfun.obj
 0001:00011250       Zigor_Model_register_exported_symbols 0000000180012250 f   Zigor_Model_sfun.obj
 0001:00011260       load_Zigor_Model_optimization_info 0000000180012260 f   Zigor_Model_sfun.obj
 0001:000112b0       unload_Zigor_Model_optimization_info 00000001800122b0 f   Zigor_Model_sfun.obj
 0001:000113d0       sf_mex_mx_is_numeric       00000001800123d0 f   sfc_mex:sfc_mex.obj
 0001:00011410       strcmp_ignore_ws           0000000180012410 f   sfc_mex:sfc_mex.obj
 0001:00011550       sf_mex_duplicatearraysafe  0000000180012550 f   sfc_mex:sfc_mex.obj
 0001:000116b0       sf_set_error_debugger_context_message_fcn 00000001800126b0 f   sfc_mex:sfc_mex.obj
 0001:000116c0       sf_set_debugger_matlab_error_fcn 00000001800126c0 f   sfc_mex:sfc_mex.obj
 0001:000116f0       sf_set_error_prefix_string 00000001800126f0 f   sfc_mex:sfc_mex.obj
 0001:00011720       sf_get_error_prefix_string 0000000180012720 f   sfc_mex:sfc_mex.obj
 0001:00011730       sf_mex_enter_parallel_region 0000000180012730 f   sfc_mex:sfc_mex.obj
 0001:00011740       sf_mex_exit_parallel_region 0000000180012740 f   sfc_mex:sfc_mex.obj
 0001:00011750       sf_get_current_jmp_buf_ptr 0000000180012750 f   sfc_mex:sfc_mex.obj
 0001:00011760       sf_set_current_jmp_buf_ptr 0000000180012760 f   sfc_mex:sfc_mex.obj
 0001:00011770       sf_mex_set_halt_simulation 0000000180012770 f   sfc_mex:sfc_mex.obj
 0001:00011780       sf_mex_get_halt_simulation 0000000180012780 f   sfc_mex:sfc_mex.obj
 0001:00011790       sf_mex_clear_error_message 0000000180012790 f   sfc_mex:sfc_mex.obj
 0001:000117b0       sf_mex_get_error_message_for_read 00000001800127b0 f   sfc_mex:sfc_mex.obj
 0001:000117c0       sf_mex_get_error_message_buffer_length 00000001800127c0 f   sfc_mex:sfc_mex.obj
 0001:000118a0       sf_mex_warning_message     00000001800128a0 f   sfc_mex:sfc_mex.obj
 0001:00011910       sf_mex_v_errbuf_createf    0000000180012910 f   sfc_mex:sfc_mex.obj
 0001:00011920       sf_mex_errbuf_createf      0000000180012920 f   sfc_mex:sfc_mex.obj
 0001:00011950       sf_mex_v_errbuf_catf       0000000180012950 f   sfc_mex:sfc_mex.obj
 0001:00011990       sf_mex_errbuf_catf         0000000180012990 f   sfc_mex:sfc_mex.obj
 0001:000119e0       sf_mex_errbuf_copy         00000001800129e0 f   sfc_mex:sfc_mex.obj
 0001:000119f0       sf_mex_errbuf_clear        00000001800129f0 f   sfc_mex:sfc_mex.obj
 0001:00011a00       sf_mex_errbuf_isempty      0000000180012a00 f   sfc_mex:sfc_mex.obj
 0001:00011b10       sf_mex_set_error_status    0000000180012b10 f   sfc_mex:sfc_mex.obj
 0001:00011b60       sf_mex_error_direct_call   0000000180012b60 f   sfc_mex:sfc_mex.obj
 0001:00011b80       sf_mex_error_message_no_long_jump 0000000180012b80 f   sfc_mex:sfc_mex.obj
 0001:00011ba0       sf_mex_long_jump_on_error  0000000180012ba0 f   sfc_mex:sfc_mex.obj
 0001:00011bd0       sf_mex_call_matlab         0000000180012bd0 f   sfc_mex:sfc_mex.obj
 0001:00011cf0       sf_mex_check_builtin       0000000180012cf0 f   sfc_mex:sfc_mex.obj
 0001:00011d90       sf_mex_check_builtin_vs    0000000180012d90 f   sfc_mex:sfc_mex.obj
 0001:00011e50       sf_mex_check_enum          0000000180012e50 f   sfc_mex:sfc_mex.obj
 0001:00011ed0       sf_mex_create_enum         0000000180012ed0 f   sfc_mex:sfc_mex.obj
 0001:00011f40       sf_mex_get_enum_element    0000000180012f40 f   sfc_mex:sfc_mex.obj
 0001:00011f50       sf_mex_createcellarray     0000000180012f50 f   sfc_mex:sfc_mex.obj
 0001:00011f60       sf_mex_setcell             0000000180012f60 f   sfc_mex:sfc_mex.obj
 0001:00011f70       sf_mex_getcell             0000000180012f70 f   sfc_mex:sfc_mex.obj
 0001:00011f80       sf_mex_dup                 0000000180012f80 f   sfc_mex:sfc_mex.obj
 0001:00011fa0       sf_mex_assign              0000000180012fa0 f   sfc_mex:sfc_mex.obj
 0001:00012020       sf_mex_destroy             0000000180013020 f   sfc_mex:sfc_mex.obj
 0001:00012050       mx_array_has_fi_type       0000000180013050 f   sfc_mex:sfc_mex.obj
 0001:00012080       sf_mex_convert_from_fi     0000000180013080 f   sfc_mex:sfc_mex.obj
 0001:000121b0       sf_mex_convert_to_double   00000001800131b0 f   sfc_mex:sfc_mex.obj
 0001:000122d0       sf_mex_import_fi_vs        00000001800132d0 f   sfc_mex:sfc_mex.obj
 0001:00012490       sf_matrix_matrix_index_ok  0000000180013490 f   sfc_mex:sfc_mex.obj
 0001:00012520       sf_vector_vector_index_ok  0000000180013520 f   sfc_mex:sfc_mex.obj
 0001:00012550       ssGetCurrentInputPortDimensions_wrapper 0000000180013550 f   sfc_mex:sfc_mex.obj
 0001:00012570       ssGetCurrentOutputPortDimensions_wrapper 0000000180013570 f   sfc_mex:sfc_mex.obj
 0001:00012590       sf_mex_emlrt_context_is_debug_mode 0000000180013590 f   sfc_mex:sfc_mex.obj
 0001:000125a0       sf_mex_emlrt_context_set_debug_mode 00000001800135a0 f   sfc_mex:sfc_mex.obj
 0001:000125b0       sf_mex_emlrtNameCapturePostProcessR2012a 00000001800135b0 f   sfc_mex:sfc_mex.obj
 0001:00012620       sf_clear_error_manager_info 0000000180013620 f   sfc_mex:sfc_mex.obj
 0001:00012680       sf_mex_stop_simulation_abruptly_wo_error 0000000180013680 f   sfc_mex:sfc_mex.obj
 0001:000126c0       sf_mex_error_message       00000001800136c0 f   sfc_mex:sfc_mex.obj
 0001:00012720       sf_react_to_error_in_matlab_call 0000000180013720 f   sfc_mex:sfc_mex.obj
 0001:00012750       sf_mex_addfield            0000000180013750 f   sfc_mex:sfc_mex.obj
 0001:000127f0       sf_mex_getfield            00000001800137f0 f   sfc_mex:sfc_mex.obj
 0001:00012af0       sf_mex_check_class         0000000180013af0 f   sfc_mex:sfc_mex.obj
 0001:00012b90       sf_mex_is_real             0000000180013b90 f   sfc_mex:sfc_mex.obj
 0001:00013000       sf_mex_decode_encoded_mx_struct_array 0000000180014000 f   sfc_mex:sfc_mex.obj
 0001:000132e0       sf_mex_lw_bounds_check     00000001800142e0 f   sfc_mex:sfc_mex.obj
 0001:00013310       sf_mex_lw_size_eq_check_1d 0000000180014310 f   sfc_mex:sfc_mex.obj
 0001:00013330       sf_mex_lw_size_eq_check_nd 0000000180014330 f   sfc_mex:sfc_mex.obj
 0001:00013510       sf_mex_lw_dim_size_eq_check 0000000180014510 f   sfc_mex:sfc_mex.obj
 0001:00013540       sf_mex_lw_dim_size_geq_check 0000000180014540 f   sfc_mex:sfc_mex.obj
 0001:00013570       sf_mex_lw_sub_assign_size_check_nd 0000000180014570 f   sfc_mex:sfc_mex.obj
 0001:000137a0       sf_mex_lw_runtime_error_msgid 00000001800147a0 f   sfc_mex:sfc_mex.obj
 0001:00013890       sf_mex_lw_matrix_matrix_index_check 0000000180014890 f   sfc_mex:sfc_mex.obj
 0001:000138b0       sf_mex_lw_vector_vector_index_check 00000001800148b0 f   sfc_mex:sfc_mex.obj
 0001:000138f0       sf_mex_lw_for_loop_vector_check 00000001800148f0 f   sfc_mex:sfc_mex.obj
 0001:00013980       sf_mex_lw_non_negative_check 0000000180014980 f   sfc_mex:sfc_mex.obj
 0001:000139c0       sf_mex_overflow_error      00000001800149c0 f   sfc_mex:sfc_mex.obj
 0001:000139d0       sf_mex_dividebyzero_error  00000001800149d0 f   sfc_mex:sfc_mex.obj
 0001:000139e0       sf_mex_unsafe_enum_error   00000001800149e0 f   sfc_mex:sfc_mex.obj
 0001:000139f0       sf_emlrtErrHandler         00000001800149f0 f   sfc_mex:sfc_mex.obj
 0001:00013ad0       sf_mex_size_one_check      0000000180014ad0 f   sfc_mex:sfc_mex.obj
 0001:00013af0       sf_mex_printf              0000000180014af0 f   sfc_mex:sfc_mex.obj
 0001:00013cc0       sf_mex_check_size          0000000180014cc0 f   sfc_mex:sfc_mex.obj
 0001:00013f90       sf_mex_check_struct        0000000180014f90 f   sfc_mex:sfc_mex.obj
 0001:000141f0       sf_mex_check_struct_vs     00000001800151f0 f   sfc_mex:sfc_mex.obj
 0001:00014280       sf_mex_check_fi            0000000180015280 f   sfc_mex:sfc_mex.obj
 0001:00014380       sf_mex_check_fi_vs         0000000180015380 f   sfc_mex:sfc_mex.obj
 0001:00014420       sf_echo_expression         0000000180015420 f   sfc_mex:sfc_mex.obj
 0001:00014480       sf_assertion_failed        0000000180015480 f   sfc_mex:sfc_mex.obj
 0001:00014760       sf_mex_evalin              0000000180015760 f   sfc_mex:sfc_mex.obj
 0001:000149d0       sf_mex_export              00000001800159d0 f   sfc_mex:sfc_mex.obj
 0001:00014a90       sf_mex_get_ml_var_no_error 0000000180015a90 f   sfc_mex:sfc_mex.obj
 0001:00014c30       sf_mex_get_ml_var          0000000180015c30 f   sfc_mex:sfc_mex.obj
 0001:000150d0       ml_set_element_value_in_array 00000001800160d0 f   sfc_mex:sfc_mex.obj
 0001:000167a0       sf_mex_call_impl           00000001800177a0 f   sfc_mex:sfc_mex.obj
 0001:00016cd0       sf_mex_call_debug          0000000180017cd0 f   sfc_mex:sfc_mex.obj
 0001:00016d00       sf_mex_call                0000000180017d00 f   sfc_mex:sfc_mex.obj
 0001:00017350       sf_mex_createstruct        0000000180018350 f   sfc_mex:sfc_mex.obj
 0001:00017440       sf_mex_createstructarray   0000000180018440 f   sfc_mex:sfc_mex.obj
 0001:000174c0       sf_mex_get_mx_datatype_from_sf_datatype 00000001800184c0 f   sfc_mex:sfc_mex.obj
 0001:000177d0       sf_mex_ml_var_sub          00000001800187d0 f   sfc_mex:sfc_mex.obj
 0001:000179a0       sf_mex_ml_var_subsasgn     00000001800189a0 f   sfc_mex:sfc_mex.obj
 0001:00017d90       sf_mex_sub                 0000000180018d90 f   sfc_mex:sfc_mex.obj
 0001:00017f90       sf_mex_subsasgn            0000000180018f90 f   sfc_mex:sfc_mex.obj
 0001:00018470       sf_mex_create              0000000180019470 f   sfc_mex:sfc_mex.obj
 0001:00018ec0       sf_mex_import_named        0000000180019ec0 f   sfc_mex:sfc_mex.obj
 0001:00018f20       sf_mex_import              0000000180019f20 f   sfc_mex:sfc_mex.obj
 0001:00018f70       sf_mex_import_vs           0000000180019f70 f   sfc_mex:sfc_mex.obj
 0001:00019080       sf_mex_lower_fixpt_mx_array 000000018001a080 f   sfc_mex:sfc_mex.obj
 0001:00019370       sf_send_message_wrapper    000000018001a370 f   sfc_mex:sfc_sf.obj
 0001:000193a0       sf_receive_message_wrapper 000000018001a3a0 f   sfc_mex:sfc_sf.obj
 0001:000193e0       sf_check_out_message_wrapper 000000018001a3e0 f   sfc_mex:sfc_sf.obj
 0001:00019420       sf_check_in_message_wrapper 000000018001a420 f   sfc_mex:sfc_sf.obj
 0001:00019460       sf_no_message_wrapper      000000018001a460 f   sfc_mex:sfc_sf.obj
 0001:000197f0       sim_mode_is_rtw_gen        000000018001a7f0 f   sfc_mex:sfc_sf.obj
 0001:00019820       sim_mode_is_external       000000018001a820 f   sfc_mex:sfc_sf.obj
 0001:00019830       sim_mode_is_modelref_sim   000000018001a830 f   sfc_mex:sfc_sf.obj
 0001:00019850       mdlInitializeSizes         000000018001a850 f   sfc_mex:sfc_sf.obj
 0001:00019870       mdlInitializeSampleTimes   000000018001a870 f   sfc_mex:sfc_sf.obj
 0001:000198b0       mdlZeroCrossings           000000018001a8b0 f   sfc_mex:sfc_sf.obj
 0001:00019990       mdlDerivatives             000000018001a990 f   sfc_mex:sfc_sf.obj
 0001:00019a40       mdl_initialize_conditions_processing 000000018001aa40 f   sfc_mex:sfc_sf.obj
 0001:00019a70       mdlInitializeConditions    000000018001aa70 f   sfc_mex:sfc_sf.obj
 0001:00019b30       mdlGetSimState             000000018001ab30 f   sfc_mex:sfc_sf.obj
 0001:00019b40       mdlSetSimState             000000018001ab40 f   sfc_mex:sfc_sf.obj
 0001:00019b50       mdl_ext_mode_exec_processing 000000018001ab50 f   sfc_mex:sfc_sf.obj
 0001:00019b70       mdlExtModeExec             000000018001ab70 f   sfc_mex:sfc_sf.obj
 0001:00019d00       mdlTerminate               000000018001ad00 f   sfc_mex:sfc_sf.obj
 0001:00019d70       mdlRTW                     000000018001ad70 f   sfc_mex:sfc_sf.obj
 0001:00019da0       mdlSetWorkWidths           000000018001ada0 f   sfc_mex:sfc_sf.obj
 0001:00019db0       mdlProcessParameters       000000018001adb0 f   sfc_mex:sfc_sf.obj
 0001:00019dc0       mdl_start_processing       000000018001adc0 f   sfc_mex:sfc_sf.obj
 0001:00019e20       mdlStart                   000000018001ae20 f   sfc_mex:sfc_sf.obj
 0001:00019f30       mdlEnable                  000000018001af30 f   sfc_mex:sfc_sf.obj
 0001:0001a000       mdlDisable                 000000018001b000 f   sfc_mex:sfc_sf.obj
 0001:0001a0b0       sf_get_chart_instance_ptr  000000018001b0b0 f   sfc_mex:sfc_sf.obj
 0001:0001a0d0       sf_load_rtw_optimization_info 000000018001b0d0 f   sfc_mex:sfc_sf.obj
 0001:0001a1a0       sf_rtw_info_uint_prop      000000018001b1a0 f   sfc_mex:sfc_sf.obj
 0001:0001a2e0       sf_is_chart_inlinable      000000018001b2e0 f   sfc_mex:sfc_sf.obj
 0001:0001a300       sf_mark_output_events_with_multiple_callers 000000018001b300 f   sfc_mex:sfc_sf.obj
 0001:0001a490       sf_mark_chart_reusable_outputs 000000018001b490 f   sfc_mex:sfc_sf.obj
 0001:0001a6f0       sf_mark_chart_expressionable_inputs 000000018001b6f0 f   sfc_mex:sfc_sf.obj
 0001:0001a950       sf_get_subchart_simstruct  000000018001b950 f   sfc_mex:sfc_sf.obj
 0001:0001a9a0       sf_get_fixpt_data_type_id  000000018001b9a0 f   sfc_mex:sfc_sf.obj
 0001:0001a9e0       sf_get_enum_data_type_id   000000018001b9e0 f   sfc_mex:sfc_sf.obj
 0001:0001aa20       sf_get_param_data_type_id  000000018001ba20 f   sfc_mex:sfc_sf.obj
 0001:0001aa50       sf_mex_listen_for_ctrl_c_force 000000018001ba50 f   sfc_mex:sfc_sf.obj
 0001:0001ab60       sf_mex_draw_now            000000018001bb60 f   sfc_mex:sfc_sf.obj
 0001:0001aba0       sf_mex_set_debugger_sim_status_listener_fcn 000000018001bba0 f   sfc_mex:sfc_sf.obj
 0001:0001abb0       sf_mex_listen_for_ctrl_c   000000018001bbb0 f   sfc_mex:sfc_sf.obj
 0001:0001ac40       sf_mex_get_sfun_param      000000018001bc40 f   sfc_mex:sfc_sf.obj
 0001:0001ac90       sf_get_runtime_param_data  000000018001bc90 f   sfc_mex:sfc_sf.obj
 0001:0001acd0       sf_call_output_fcn_call    000000018001bcd0 f   sfc_mex:sfc_sf.obj
 0001:0001ae10       sf_call_output_fcn_enable  000000018001be10 f   sfc_mex:sfc_sf.obj
 0001:0001aea0       sf_call_output_fcn_disable 000000018001bea0 f   sfc_mex:sfc_sf.obj
 0001:0001af30       sf_clear_rtw_identifier    000000018001bf30 f   sfc_mex:sfc_sf.obj
 0001:0001b720       sf_set_encoded_dwork_info  000000018001c720 f   sfc_mex:sfc_sf.obj
 0001:0001b770       sf_get_dwork_info_from_mat_file 000000018001c770 f   sfc_mex:sfc_sf.obj
 0001:0001b930       sf_set_rtw_dwork_info      000000018001c930 f   sfc_mex:sfc_sf.obj
 0001:0001baa0       mdlOutputs                 000000018001caa0 f   sfc_mex:sfc_sf.obj
 0001:0001bc40       sf_debug_disp              000000018001cc40 f   sfc_debug:sfcdebug.obj
 0001:0001bea0       sf_debug_data_runtime_size_mismatch_error_check 000000018001cea0 f   sfc_debug:sfcdebug.obj
 0001:0001bf40       sf_debug_try_loading_machine 000000018001cf40 f   sfc_debug:sfcdebug.obj
 0001:0001c040       sf_debug_reset_current_state_configuration 000000018001d040 f   sfc_debug:sfcdebug.obj
 0001:0001c0d0       sf_debug_store_current_state_configuration 000000018001d0d0 f   sfc_debug:sfcdebug.obj
 0001:0001c160       sf_debug_restore_previous_state_configuration 000000018001d160 f   sfc_debug:sfcdebug.obj
 0001:0001c1f0       sf_debug_restore_previous_state_configuration2 000000018001d1f0 f   sfc_debug:sfcdebug.obj
 0001:0001c280       sf_debug_get_event_scope   000000018001d280 f   sfc_debug:sfcdebug.obj
 0001:0001c3f0       use_debugger_step_animation 000000018001d3f0 f   sfc_debug:sfcdebug.obj
 0001:0001c410       sf_debug_get_script_id     000000018001d410 f   sfc_debug:sfcdebug.obj
 0001:0001c4a0       sf_debug_set_script_translation 000000018001d4a0 f   sfc_debug:sfcdebug.obj
 0001:0001c620       sf_debug_extract_message_post_receive_info 000000018001d620 f   sfc_debug:sfcdebug.obj
 0001:0001c720       sf_debug_get_current_machine_id 000000018001d720 f   sfc_debug:sfcdebug.obj
 0001:0001c740       sf_debug_get_current_optional_integer 000000018001d740 f   sfc_debug:sfcdebug.obj
 0001:0001c750       sf_debug_get_current_machine_number 000000018001d750 f   sfc_debug:sfcdebug.obj
 0001:0001c770       sf_debug_get_current_machine_name 000000018001d770 f   sfc_debug:sfcdebug.obj
 0001:0001c790       sf_debug_get_current_chart_id 000000018001d790 f   sfc_debug:sfcdebug.obj
 0001:0001c7e0       sf_debug_get_current_chart_number 000000018001d7e0 f   sfc_debug:sfcdebug.obj
 0001:0001c7f0       sf_debug_get_current_instance_number 000000018001d7f0 f   sfc_debug:sfcdebug.obj
 0001:0001c800       sf_debug_get_current_is_minor_time_step 000000018001d800 f   sfc_debug:sfcdebug.obj
 0001:0001c880       sf_debug_get_current_object_type 000000018001d880 f   sfc_debug:sfcdebug.obj
 0001:0001c890       sf_debug_get_current_instance_handle 000000018001d890 f   sfc_debug:sfcdebug.obj
 0001:0001c8f0       sf_debug_get_current_event_type 000000018001d8f0 f   sfc_debug:sfcdebug.obj
 0001:0001c900       sf_debug_get_current_object_id 000000018001d900 f   sfc_debug:sfcdebug.obj
 0001:0001c940       sf_debug_get_current_active_event_type 000000018001d940 f   sfc_debug:sfcdebug.obj
 0001:0001c950       sf_debug_get_current_active_event_id 000000018001d950 f   sfc_debug:sfcdebug.obj
 0001:0001c990       sf_debug_get_current_tag_type 000000018001d990 f   sfc_debug:sfcdebug.obj
 0001:0001c9a0       sf_debug_get_current_simulation_time 000000018001d9a0 f   sfc_debug:sfcdebug.obj
 0001:0001c9b0       sf_debug_get_current_coverage_percentage 000000018001d9b0 f   sfc_debug:sfcdebug.obj
 0001:0001c9c0       sf_debug_current_statement_context 000000018001d9c0 f   sfc_debug:sfcdebug.obj
 0001:0001ca50       sf_debug_get_current_statement_info 000000018001da50 f   sfc_debug:sfcdebug.obj
 0001:0001cbd0       sf_debug_terminate_instance 000000018001dbd0 f   sfc_debug:sfcdebug.obj
 0001:0001cf10       sf_debug_assertion_failed  000000018001df10 f   sfc_debug:sfcdebug.obj
 0001:0001d170       sf_debug_set_number_of_data_with_change_event_for_machine 000000018001e170 f   sfc_debug:sfcdebug.obj
 0001:0001d1b0       sf_debug_set_machine_event_thresholds 000000018001e1b0 f   sfc_debug:sfcdebug.obj
 0001:0001d1d0       sf_debug_set_machine_event_scope 000000018001e1d0 f   sfc_debug:sfcdebug.obj
 0001:0001d210       sf_debug_set_machine_data_thresholds 000000018001e210 f   sfc_debug:sfcdebug.obj
 0001:0001d250       sf_debug_set_machine_data_scope 000000018001e250 f   sfc_debug:sfcdebug.obj
 0001:0001d2e0       sf_debug_set_machine_data_name 000000018001e2e0 f   sfc_debug:sfcdebug.obj
 0001:0001d380       sf_debug_set_machine_data_size 000000018001e380 f   sfc_debug:sfcdebug.obj
 0001:0001d4c0       sf_debug_set_machine_data_type 000000018001e4c0 f   sfc_debug:sfcdebug.obj
 0001:0001d630       sf_debug_get_chart_data_number 000000018001e630 f   sfc_debug:sfcdebug.obj
 0001:0001d650       sf_debug_get_chart_event_number 000000018001e650 f   sfc_debug:sfcdebug.obj
 0001:0001d670       sf_debug_set_chart_state_info 000000018001e670 f   sfc_debug:sfcdebug.obj
 0001:0001d6f0       sf_debug_set_chart_decomposition 000000018001e6f0 f   sfc_debug:sfcdebug.obj
 0001:0001d760       sf_debug_set_chart_substate_count 000000018001e760 f   sfc_debug:sfcdebug.obj
 0001:0001d840       sf_debug_set_chart_substate_index 000000018001e840 f   sfc_debug:sfcdebug.obj
 0001:0001d8b0       sf_debug_set_chart_state_substate_count 000000018001e8b0 f   sfc_debug:sfcdebug.obj
 0001:0001d9c0       sf_debug_set_chart_state_substate_index 000000018001e9c0 f   sfc_debug:sfcdebug.obj
 0001:0001da40       sf_debug_set_number_of_data_with_change_event_for_chart 000000018001ea40 f   sfc_debug:sfcdebug.obj
 0001:0001dac0       sf_debug_set_number_of_states_with_entry_event_for_chart 000000018001eac0 f   sfc_debug:sfcdebug.obj
 0001:0001db30       sf_debug_set_number_of_states_with_exit_event_for_chart 000000018001eb30 f   sfc_debug:sfcdebug.obj
 0001:0001dba0       sf_debug_set_chart_disable_implicit_casting 000000018001eba0 f   sfc_debug:sfcdebug.obj
 0001:0001dc10       sf_debug_set_chart_event_thresholds 000000018001ec10 f   sfc_debug:sfcdebug.obj
 0001:0001dc80       sf_debug_set_chart_data_compiled_props 000000018001ec80 f   sfc_debug:sfcdebug.obj
 0001:0001dfd0       sf_debug_set_chart_data_props 000000018001efd0 f   sfc_debug:sfcdebug.obj
 0001:0001e2f0       sf_debug_check_fi_license  000000018001f2f0 f   sfc_debug:sfcdebug.obj
 0001:0001e4e0       sf_debug_symbol_scope_push 000000018001f4e0 f   sfc_debug:sfcdebug.obj
 0001:0001e520       sf_debug_symbol_scope_push_eml 000000018001f520 f   sfc_debug:sfcdebug.obj
 0001:0001e570       sf_debug_symbol_scope_pop  000000018001f570 f   sfc_debug:sfcdebug.obj
 0001:0001e5b0       sf_debug_symbol_scope_add_importable 000000018001f5b0 f   sfc_debug:sfcdebug.obj
 0001:0001e630       sf_debug_symbol_scope_add  000000018001f630 f   sfc_debug:sfcdebug.obj
 0001:0001e6b0       sf_debug_symbol_scope_add_dyn_importable 000000018001f6b0 f   sfc_debug:sfcdebug.obj
 0001:0001e770       sf_debug_symbol_scope_add_dyn 000000018001f770 f   sfc_debug:sfcdebug.obj
 0001:0001e7a0       sf_debug_symbol_scope_add_eml_importable 000000018001f7a0 f   sfc_debug:sfcdebug.obj
 0001:0001e7e0       sf_debug_symbol_scope_add_eml 000000018001f7e0 f   sfc_debug:sfcdebug.obj
 0001:0001e820       sf_debug_symbol_scope_add_eml_dyn_importable 000000018001f820 f   sfc_debug:sfcdebug.obj
 0001:0001e890       sf_debug_symbol_scope_add_eml_dyn 000000018001f890 f   sfc_debug:sfcdebug.obj
 0001:0001e8f0       sf_debug_symbol_switch     000000018001f8f0 f   sfc_debug:sfcdebug.obj
 0001:0001e910       sf_debug_symbol_scope_add_verbose 000000018001f910 f   sfc_debug:sfcdebug.obj
 0001:0001e9e0       sf_debug_set_machine_data_value_ptr 000000018001f9e0 f   sfc_debug:sfcdebug.obj
 0001:0001ea20       sf_debug_set_instance_data_value_ptr 000000018001fa20 f   sfc_debug:sfcdebug.obj
 0001:0001eae0       sf_debug_unset_instance_data_value_ptr 000000018001fae0 f   sfc_debug:sfcdebug.obj
 0001:0001eb90       sf_debug_set_chart_event_scope 000000018001fb90 f   sfc_debug:sfcdebug.obj
 0001:0001ec10       sf_debug_set_chart_transition_coverage_maps 000000018001fc10 f   sfc_debug:sfcdebug.obj
 0001:0001ed20       sf_debug_set_chart_state_coverage_maps 000000018001fd20 f   sfc_debug:sfcdebug.obj
 0001:0001ee00       sf_debug_set_instance_transition_coverage_weights 000000018001fe00 f   sfc_debug:sfcdebug.obj
 0001:0001eea0       sf_debug_set_instance_state_coverage_weights 000000018001fea0 f   sfc_debug:sfcdebug.obj
 0001:0001f0f0       sf_debug_unload_machine    00000001800200f0 f   sfc_debug:sfcdebug.obj
 0001:0001f140       sf_debug_load_machine      0000000180020140 f   sfc_debug:sfcdebug.obj
 0001:0001f240       sf_debug_set_active_instance_in_data_dictionary 0000000180020240 f   sfc_debug:sfcdebug.obj
 0001:0001f420       sf_debug_set_active_instance 0000000180020420 f   sfc_debug:sfcdebug.obj
 0001:0001f580       sf_debug_chart_visiblity_change 0000000180020580 f   sfc_debug:sfcdebug.obj
 0001:0001f680       sf_debug_select_chart      0000000180020680 f   sfc_debug:sfcdebug.obj
 0001:0001f7f0       sf_debug_set_instance_cv_ids 00000001800207f0 f   sfc_debug:sfcdebug.obj
 0001:0001fb00       sf_debug_select_charts     0000000180020b00 f   sfc_debug:sfcdebug.obj
 0001:0001fc90       sf_debug_initialized       0000000180020c90 f   sfc_debug:sfcdebug.obj
 0001:0001fca0       sf_debug_is_uninterruptible 0000000180020ca0 f   sfc_debug:sfcdebug.obj
 0001:0001fcd0       sf_debug_initialize_debugger_gui 0000000180020cd0 f   sfc_debug:sfcdebug.obj
 0001:000200c0       sf_debug_resume            00000001800210c0 f   sfc_debug:sfcdebug.obj
 0001:000200e0       sf_debug_go                00000001800210e0 f   sfc_debug:sfcdebug.obj
 0001:000200f0       sf_debug_break             00000001800210f0 f   sfc_debug:sfcdebug.obj
 0001:00020100       sf_debug_step_over         0000000180021100 f   sfc_debug:sfcdebug.obj
 0001:00020110       sf_debug_step_out          0000000180021110 f   sfc_debug:sfcdebug.obj
 0001:00020120       sf_debug_set_disable_all_breakpoints 0000000180021120 f   sfc_debug:sfcdebug.obj
 0001:00020130       sf_debug_disable_all_breakpoints_and_go 0000000180021130 f   sfc_debug:sfcdebug.obj
 0001:00020140       sf_debug_break_on_chart_entry 0000000180021140 f   sfc_debug:sfcdebug.obj
 0001:00020150       sf_debug_break_on_event_broadcast 0000000180021150 f   sfc_debug:sfcdebug.obj
 0001:00020160       sf_debug_break_on_state_entry 0000000180021160 f   sfc_debug:sfcdebug.obj
 0001:00020170       sf_debug_break_between_times 0000000180021170 f   sfc_debug:sfcdebug.obj
 0001:00020190       sf_debug_browse_data       0000000180021190 f   sfc_debug:sfcdebug.obj
 0001:000201b0       sf_debug_watch_data        00000001800211b0 f   sfc_debug:sfcdebug.obj
 0001:000201d0       sf_debug_assign_data       00000001800211d0 f   sfc_debug:sfcdebug.obj
 0001:000201f0       sf_debug_whos              00000001800211f0 f   sfc_debug:sfcdebug.obj
 0001:00020210       sf_debug_get_consistency_info 0000000180021210 f   sfc_debug:sfcdebug.obj
 0001:00020220       sf_debug_browse_trace      0000000180021220 f   sfc_debug:sfcdebug.obj
 0001:00020230       sf_debug_set_breakpoints   0000000180021230 f   sfc_debug:sfcdebug.obj
 0001:00020390       sf_debug_set_eml_breakpoints 0000000180021390 f   sfc_debug:sfcdebug.obj
 0001:000204f0       sf_debug_set_script_breakpoints 00000001800214f0 f   sfc_debug:sfcdebug.obj
 0001:00020570       sf_debug_add_script_breakpoints 0000000180021570 f   sfc_debug:sfcdebug.obj
 0001:000205e0       sf_debug_clear_script_breakpoints 00000001800215e0 f   sfc_debug:sfcdebug.obj
 0001:00020650       sf_debug_query_script_breakpoints 0000000180021650 f   sfc_debug:sfcdebug.obj
 0001:00020710       sf_debug_get_eml_script_id 0000000180021710 f   sfc_debug:sfcdebug.obj
 0001:00020760       sf_debug_set_watch         0000000180021760 f   sfc_debug:sfcdebug.obj
 0001:00020990       sf_debug_get_instance_handle 0000000180021990 f   sfc_debug:sfcdebug.obj
 0001:00020a20       sf_debug_get_active_states 0000000180021a20 f   sfc_debug:sfcdebug.obj
 0001:00020a30       sf_debug_get_animation     0000000180021a30 f   sfc_debug:sfcdebug.obj
 0001:00020a40       sf_debug_set_animation     0000000180021a40 f   sfc_debug:sfcdebug.obj
 0001:00020a50       sf_debug_animate           0000000180021a50 f   sfc_debug:sfcdebug.obj
 0001:00020a80       sf_debug_cycle_detection_check 0000000180021a80 f   sfc_debug:sfcdebug.obj
 0001:00020a90       sf_debug_data_range_check  0000000180021a90 f   sfc_debug:sfcdebug.obj
 0001:00020aa0       sf_debug_transition_conflict_check 0000000180021aa0 f   sfc_debug:sfcdebug.obj
 0001:00020ab0       sf_debug_state_consistency_check 0000000180021ab0 f   sfc_debug:sfcdebug.obj
 0001:00020ac0       sf_debug_data_range_check_enabled 0000000180021ac0 f   sfc_debug:sfcdebug.obj
 0001:00020ae0       sf_debug_transition_conflict_check_enabled 0000000180021ae0 f   sfc_debug:sfcdebug.obj
 0001:00020b00       sf_debug_transition_conflict_check_begin 0000000180021b00 f   sfc_debug:sfcdebug.obj
 0001:00020b20       sf_debug_transition_conflict_check_end 0000000180021b20 f   sfc_debug:sfcdebug.obj
 0001:00020b40       sf_debug_stop_debugging    0000000180021b40 f   sfc_debug:sfcdebug.obj
 0001:00020b70       sf_debug_is_cycle_detected 0000000180021b70 f   sfc_debug:sfcdebug.obj
 0001:00020b80       sf_debug_is_array_bounds_detected 0000000180021b80 f   sfc_debug:sfcdebug.obj
 0001:00020b90       sf_debug_get_state_vectors_data_size 0000000180021b90 f   sfc_debug:sfcdebug.obj
 0001:00020bd0       sf_debug_get_state_vectors_data 0000000180021bd0 f   sfc_debug:sfcdebug.obj
 0001:00020cd0       sf_debug_set_state_vectors_data 0000000180021cd0 f   sfc_debug:sfcdebug.obj
 0001:00020f90       sf_debug_get_script_index  0000000180021f90 f   sfc_debug:sfcdebug.obj
 0001:00021120       sf_debug_add_script        0000000180022120 f   sfc_debug:sfcdebug.obj
 0001:000212b0       cv_eval_point              00000001800222b0 f   sfc_debug:sfcdebug.obj
 0001:00021420       cv_eval_testobjective      0000000180022420 f   sfc_debug:sfcdebug.obj
 0001:00021540       sf_debug_cv_init_state     0000000180022540 f   sfc_debug:sfcdebug.obj
 0001:00021660       sf_debug_cv_init_chart     0000000180022660 f   sfc_debug:sfcdebug.obj
 0001:00021740       sf_debug_cv_init_trans     0000000180022740 f   sfc_debug:sfcdebug.obj
 0001:00021840       sf_debug_cv_init_testobjectives 0000000180022840 f   sfc_debug:sfcdebug.obj
 0001:00021a20       cv_eml_init_script         0000000180022a20 f   sfc_debug:sfcdebug.obj
 0001:00021b30       cv_eml_init_fcn            0000000180022b30 f   sfc_debug:sfcdebug.obj
 0001:00021be0       cv_eml_init_testobjective  0000000180022be0 f   sfc_debug:sfcdebug.obj
 0001:00021cb0       cv_eml_init_saturation     0000000180022cb0 f   sfc_debug:sfcdebug.obj
 0001:00021d70       cv_eml_init_if             0000000180022d70 f   sfc_debug:sfcdebug.obj
 0001:00021e40       cv_eml_init_for            0000000180022e40 f   sfc_debug:sfcdebug.obj
 0001:00021f00       cv_eml_init_while          0000000180022f00 f   sfc_debug:sfcdebug.obj
 0001:00021fc0       cv_eml_init_mcdc           0000000180022fc0 f   sfc_debug:sfcdebug.obj
 0001:000220d0       cv_eml_init_switch         00000001800230d0 f   sfc_debug:sfcdebug.obj
 0001:000221c0       cv_eml_eval                00000001800231c0 f   sfc_debug:sfcdebug.obj
 0001:000222a0       sf_debug_bm_is_a_eml_breakpoint 00000001800232a0 f   sfc_debug:sfcdebug.obj
 0001:000223f0       sf_debug_temporal_threshold 00000001800233f0 f   sfc_debug:sfcdebug.obj
 0001:00022750       sf_debug_transition_conflict_error 0000000180023750 f   sfc_debug:sfcdebug.obj
 0001:00022ad0       sf_debug_state_inconsistency_error 0000000180023ad0 f   sfc_debug:sfcdebug.obj
 0001:00022bf0       sf_debug_check_for_state_inconsistency 0000000180023bf0 f   sfc_debug:sfcdebug.obj
 0001:00022c20       sf_debug_cycle_detecton_error 0000000180023c20 f   sfc_debug:sfcdebug.obj
 0001:000233f0       sf_debug_size_eq_check_1d  00000001800243f0 f   sfc_debug:sfcdebug.obj
 0001:00023410       sf_debug_size_eq_check_nd  0000000180024410 f   sfc_debug:sfcdebug.obj
 0001:000235f0       sf_debug_dim_size_eq_check 00000001800245f0 f   sfc_debug:sfcdebug.obj
 0001:00023620       sf_debug_dim_size_geq_check 0000000180024620 f   sfc_debug:sfcdebug.obj
 0001:00023650       sf_debug_sub_assign_size_check_nd 0000000180024650 f   sfc_debug:sfcdebug.obj
 0001:00023890       sf_debug_matrix_matrix_index_check 0000000180024890 f   sfc_debug:sfcdebug.obj
 0001:000238c0       sf_debug_vector_vector_index_check 00000001800248c0 f   sfc_debug:sfcdebug.obj
 0001:000238f0       sf_debug_for_loop_vector_check 00000001800248f0 f   sfc_debug:sfcdebug.obj
 0001:00023980       sf_debug_runtime_error_msgid 0000000180024980 f   sfc_debug:sfcdebug.obj
 0001:00023a10       sf_debug_data_array_bounds_error_check 0000000180024a10 f   sfc_debug:sfcdebug.obj
 0001:00023b20       sf_debug_eml_data_array_bounds_error_check 0000000180024b20 f   sfc_debug:sfcdebug.obj
 0001:00024000       sf_debug_integer_check     0000000180025000 f   sfc_debug:sfcdebug.obj
 0001:000240e0       sf_debug_not_nan_check     00000001800250e0 f   sfc_debug:sfcdebug.obj
 0001:000241a0       sf_debug_non_negative_check 00000001800251a0 f   sfc_debug:sfcdebug.obj
 0001:00024260       sf_debug_overflow_detection 0000000180025260 f   sfc_debug:sfcdebug.obj
 0001:00024950       sf_debug_cast_to_real32_T  0000000180025950 f   sfc_debug:sfcdebug.obj
 0001:00024a10       sf_debug_cast_to_int8_T    0000000180025a10 f   sfc_debug:sfcdebug.obj
 0001:00024ad0       sf_debug_cast_to_uint8_T   0000000180025ad0 f   sfc_debug:sfcdebug.obj
 0001:00024b90       sf_debug_cast_to_int16_T   0000000180025b90 f   sfc_debug:sfcdebug.obj
 0001:00024c50       sf_debug_cast_to_uint16_T  0000000180025c50 f   sfc_debug:sfcdebug.obj
 0001:00024d10       sf_debug_cast_to_int32_T   0000000180025d10 f   sfc_debug:sfcdebug.obj
 0001:00024dd0       sf_debug_cast_to_uint32_T  0000000180025dd0 f   sfc_debug:sfcdebug.obj
 0001:00024e90       sf_debug_data_range_error  0000000180025e90 f   sfc_debug:sfcdebug.obj
 0001:000251e0       sf_debug_read_before_write_check 00000001800261e0 f   sfc_debug:sfcdebug.obj
 0001:00025640       sf_debug_data_range_error_wrapper_min_max 0000000180026640 f   sfc_debug:sfcdebug.obj
 0001:00025730       sf_debug_data_range_error_wrapper_min 0000000180026730 f   sfc_debug:sfcdebug.obj
 0001:00025810       sf_debug_data_range_error_wrapper_max 0000000180026810 f   sfc_debug:sfcdebug.obj
 0001:000258f0       sf_debug_data_range_wrapper 00000001800268f0 f   sfc_debug:sfcdebug.obj
 0001:000259a0       sf_debug_set_current_status_info 00000001800269a0 f   sfc_debug:sfcdebug.obj
 0001:00025d50       sf_debug_register_message_post_receive_info 0000000180026d50 f   sfc_debug:sfcdebug.obj
 0001:00025fc0       sf_debug_call              0000000180026fc0 f   sfc_debug:sfcdebug.obj
 0001:00026c20       sf_debug_initialize_machine 0000000180027c20 f   sfc_debug:sfcdebug.obj
 0001:00026f30       sf_debug_initialize_chart  0000000180027f30 f   sfc_debug:sfcdebug.obj
 0001:00027380       sf_debug_ensure_script     0000000180028380 f   sfc_debug:sfcdebug.obj
 0001:00027440       cv_script_init_script      0000000180028440 f   sfc_debug:sfcdebug.obj
 0001:00027530       cv_script_init_fcn         0000000180028530 f   sfc_debug:sfcdebug.obj
 0001:000275e0       cv_script_init_testobjective 00000001800285e0 f   sfc_debug:sfcdebug.obj
 0001:00027690       cv_script_init_if          0000000180028690 f   sfc_debug:sfcdebug.obj
 0001:00027740       cv_script_init_for         0000000180028740 f   sfc_debug:sfcdebug.obj
 0001:000277f0       cv_script_init_while       00000001800287f0 f   sfc_debug:sfcdebug.obj
 0001:000278a0       cv_script_init_mcdc        00000001800288a0 f   sfc_debug:sfcdebug.obj
 0001:000279a0       cv_script_init_switch      00000001800289a0 f   sfc_debug:sfcdebug.obj
 0001:00027a80       cv_script_eval             0000000180028a80 f   sfc_debug:sfcdebug.obj
 0001:00027b60       eml_debug_line_call        0000000180028b60 f   sfc_debug:sfcdebug.obj
 0001:00027d10       sf_debug_terminate         0000000180028d10 f   sfc_debug:sfcdebug.obj
 0001:00027e80       sf_debug_set_script_cv_ids 0000000180028e80 f   sfc_debug:sfcdebug.obj
 0001:00027fb0       sf_debug_api               0000000180028fb0 f   sfc_debug:sfc_api.obj
 0001:00029660       sf_debug_sm_terminate      000000018002a660 f   sfc_debug:sfdb_animation.obj
 0001:00029820       sf_debug_reset_path_objects 000000018002a820 f   sfc_debug:sfdb_animation.obj
 0001:000298a0       sf_debug_sm_reset_object_selection_status 000000018002a8a0 f   sfc_debug:sfdb_animation.obj
 0001:00029940       sf_debug_sm_reset_state_buffer 000000018002a940 f   sfc_debug:sfdb_animation.obj
 0001:00029a10       sf_debug_sm_store_state_buffer 000000018002aa10 f   sfc_debug:sfdb_animation.obj
 0001:00029a90       sf_debug_sm_restore_state_buffer1 000000018002aa90 f   sfc_debug:sfdb_animation.obj
 0001:00029b00       sf_debug_sm_restore_state_buffer2 000000018002ab00 f   sfc_debug:sfdb_animation.obj
 0001:00029b70       sf_debug_sm_chart_active   000000018002ab70 f   sfc_debug:sfdb_animation.obj
 0001:00029bc0       sf_debug_sm_select_active_objects 000000018002abc0 f   sfc_debug:sfdb_animation.obj
 0001:0002a0b0       sf_debug_sm_is_chart_active 000000018002b0b0 f   sfc_debug:sfdb_animation.obj
 0001:0002a0f0       sf_debug_sm_is_state_active 000000018002b0f0 f   sfc_debug:sfdb_animation.obj
 0001:0002a330       sf_debug_sm_get_active_states 000000018002b330 f   sfc_debug:sfdb_animation.obj
 0001:0002a8f0       sf_debug_sm_initialize_instance 000000018002b8f0 f   sfc_debug:sfdb_animation.obj
 0001:0002ab10       sf_debug_sm_change_object_selection_status 000000018002bb10 f   sfc_debug:sfdb_animation.obj
 0001:0002ae20       cv_create_interface        000000018002be20 f   sfc_debug:cv_sfinterface.obj
 0001:0002b180       cv_init_trans              000000018002c180 f   sfc_debug:cv_sfinterface.obj
 0001:0002b1d0       cv_init_testobjective      000000018002c1d0 f   sfc_debug:cv_sfinterface.obj
 0001:0002b210       cv_init_state              000000018002c210 f   sfc_debug:cv_sfinterface.obj
 0001:0002b280       cv_init_chart              000000018002c280 f   sfc_debug:cv_sfinterface.obj
 0001:0002b2d0       cv_dec_update_call         000000018002c2d0 f   sfc_debug:cv_sfinterface.obj
 0001:0002b310       cv_cond_update_call        000000018002c310 f   sfc_debug:cv_sfinterface.obj
 0001:0002b350       cv_testobjective_update_call 000000018002c350 f   sfc_debug:cv_sfinterface.obj
 0001:0002b390       cv_sigrange_update         000000018002c390 f   sfc_debug:cv_sfinterface.obj
 0001:0002b3d0       cvsf_eml_eval              000000018002c3d0 f   sfc_debug:cv_sfinterface.obj
 0001:0002b4c0       cvsf_eml_init_script       000000018002c4c0 f   sfc_debug:cv_sfinterface.obj
 0001:0002b550       cvsf_eml_init_fcn          000000018002c550 f   sfc_debug:cv_sfinterface.obj
 0001:0002b5b0       cvsf_eml_init_testobjective 000000018002c5b0 f   sfc_debug:cv_sfinterface.obj
 0001:0002b610       cvsf_eml_init_saturation   000000018002c610 f   sfc_debug:cv_sfinterface.obj
 0001:0002b660       cvsf_eml_init_if           000000018002c660 f   sfc_debug:cv_sfinterface.obj
 0001:0002b6c0       cvsf_eml_init_for          000000018002c6c0 f   sfc_debug:cv_sfinterface.obj
 0001:0002b710       cvsf_eml_init_while        000000018002c710 f   sfc_debug:cv_sfinterface.obj
 0001:0002b760       cvsf_eml_init_mcdc         000000018002c760 f   sfc_debug:cv_sfinterface.obj
 0001:0002b7f0       cvsf_eml_init_switch       000000018002c7f0 f   sfc_debug:cv_sfinterface.obj
 0001:0002b860       cvsf_script_eval           000000018002c860 f   sfc_debug:cv_sfinterface.obj
 0001:0002b950       cvsf_script_init_script    000000018002c950 f   sfc_debug:cv_sfinterface.obj
 0001:0002b9e0       cvsf_script_init_fcn       000000018002c9e0 f   sfc_debug:cv_sfinterface.obj
 0001:0002ba40       cvsf_script_init_testobjective 000000018002ca40 f   sfc_debug:cv_sfinterface.obj
 0001:0002baa0       cvsf_script_init_saturation 000000018002caa0 f   sfc_debug:cv_sfinterface.obj
 0001:0002baf0       cvsf_script_init_if        000000018002caf0 f   sfc_debug:cv_sfinterface.obj
 0001:0002bb50       cvsf_script_init_for       000000018002cb50 f   sfc_debug:cv_sfinterface.obj
 0001:0002bba0       cvsf_script_init_while     000000018002cba0 f   sfc_debug:cv_sfinterface.obj
 0001:0002bbf0       cvsf_script_init_mcdc      000000018002cbf0 f   sfc_debug:cv_sfinterface.obj
 0001:0002bc80       cvsf_script_init_switch    000000018002cc80 f   sfc_debug:cv_sfinterface.obj
 0001:0002bcf0       cv_destroy_interface       000000018002ccf0 f   sfc_debug:cv_sfinterface.obj
 0001:0002bd10       cv_create_instance_objects 000000018002cd10 f   sfc_debug:cv_sfinterface.obj
 0001:0002c1c0       cv_is_enabled              000000018002d1c0 f   sfc_debug:cv_sfinterface.obj
 0001:0002c1d0       sf_debug_cv_initialize_script 000000018002d1d0 f   sfc_debug:cv_sfinterface.obj
 0001:0002c380       sf_debug_cv_initialize_instance 000000018002d380 f   sfc_debug:cv_sfinterface.obj
 0001:0002c720       sf_debug_cv_terminate_chart 000000018002d720 f   sfc_debug:cv_sfinterface.obj
 0001:0002c860       cv_call_trans_test         000000018002d860 f   sfc_debug:cv_sfinterface.obj
 0001:0002c870       cv_call_sub_cond_test      000000018002d870 f   sfc_debug:cv_sfinterface.obj
 0001:0002c8b0       sf_debug_st_initialize_machine 000000018002d8b0 f   sfc_debug:sfdb_data_browse.obj
 0001:0002c970       sf_debug_st_initialize_instance 000000018002d970 f   sfc_debug:sfdb_data_browse.obj
 0001:0002cba0       sf_debug_st_terminate      000000018002dba0 f   sfc_debug:sfdb_data_browse.obj
 0001:0002cf40       sf_debug_st_set_data_value_ptr_in_machine 000000018002df40 f   sfc_debug:sfdb_data_browse.obj
 0001:0002cfd0       sf_debug_st_set_data_value_ptr_in_instance 000000018002dfd0 f   sfc_debug:sfdb_data_browse.obj
 0001:0002d0b0       sf_debug_st_unset_data_value_ptr_in_machine 000000018002e0b0 f   sfc_debug:sfdb_data_browse.obj
 0001:0002d120       sf_debug_st_unset_data_value_ptr_in_instance 000000018002e120 f   sfc_debug:sfdb_data_browse.obj
 0001:0002d430       sf_debug_mx_value          000000018002e430 f   sfc_debug:sfdb_data_browse.obj
 0001:0002d490       sf_debug_mx_packed_vector  000000018002e490 f   sfc_debug:sfdb_data_browse.obj
 0001:0002d570       sf_debug_mx_uint_vector    000000018002e570 f   sfc_debug:sfdb_data_browse.obj
 0001:0002d630       sf_debug_st_get_double_value_from_void_ptr_vector 000000018002e630 f   sfc_debug:sfdb_data_browse.obj
 0001:0002e120       sf_debug_st_browse_data    000000018002f120 f   sfc_debug:sfdb_data_browse.obj
 0001:0002e9b0       sf_debug_hm_initialize_instance 000000018002f9b0 f   sfc_debug:sfdb_handle_management.obj
 0001:0002eee0       sf_debug_hm_get_object_id  000000018002fee0 f   sfc_debug:sfdb_handle_management.obj
 0001:0002fa90       sf_debug_hm_update_chart_visibility 0000000180030a90 f   sfc_debug:sfdb_handle_management.obj
 0001:00030d70       sf_debug_object_is_eml_function 0000000180031d70 f   sfc_debug:sfdb_handle_management.obj
 0001:00030de0       sf_debug_hm_initialize_ids_in_machine 0000000180031de0 f   sfc_debug:sfdb_handle_management.obj
 0001:00030f50       sf_debug_hm_initialize_ids_in_chart 0000000180031f50 f   sfc_debug:sfdb_handle_management.obj
 0001:00031050       sf_debug_hm_initialize_chart 0000000180032050 f   sfc_debug:sfdb_handle_management.obj
 0001:000317f0       sf_debug_hm_terminate      00000001800327f0 f   sfc_debug:sfdb_handle_management.obj
 0001:00031850       sf_debug_hm_initialize_machine 0000000180032850 f   sfc_debug:sfdb_handle_management.obj
 0001:00032000       sf_debug_ss_initialize     0000000180033000 f   sfc_debug:sfdb_symbol_scope.obj
 0001:00032020       sf_debug_ss_terminate      0000000180033020 f   sfc_debug:sfdb_symbol_scope.obj
 0001:000320b0       sf_debug_ss_push_symbol_scope 00000001800330b0 f   sfc_debug:sfdb_symbol_scope.obj
 0001:000321b0       sf_debug_ss_push_symbol_scope_eml 00000001800331b0 f   sfc_debug:sfdb_symbol_scope.obj
 0001:00032210       sf_debug_ss_pop_symbol_scope 0000000180033210 f   sfc_debug:sfdb_symbol_scope.obj
 0001:000322c0       sf_debug_ss_add_symbol     00000001800332c0 f   sfc_debug:sfdb_symbol_scope.obj
 0001:00032420       sf_debug_ss_add_symbol_eml 0000000180033420 f   sfc_debug:sfdb_symbol_scope.obj
 0001:00033140       sf_debug_ss_set_data_value 0000000180034140 f   sfc_debug:sfdb_symbol_scope.obj
 0001:00033610       getInstanceNumber          0000000180034610 f   sfc_debug:sfdb_symbol_scope.obj
 0001:000336e0       sf_debug_ss_watch_data     00000001800346e0 f   sfc_debug:sfdb_symbol_scope.obj
 0001:00033880       sf_debug_ss_assign_data    0000000180034880 f   sfc_debug:sfdb_symbol_scope.obj
 0001:000342a0       get_data_entry_name        00000001800352a0 f   sfc_debug:sfdb_symbol_scope.obj
 0001:000342f0       sf_debug_ss_whos           00000001800352f0 f   sfc_debug:sfdb_symbol_scope.obj
 0001:00034a10       sf_debug_cc_initialize_chart 0000000180035a10 f   sfc_debug:sfdb_coverage.obj
 0001:00035400       sf_debug_cc_initialize_instance 0000000180036400 f   sfc_debug:sfdb_coverage.obj
 0001:00036210       sf_debug_cc_terminate      0000000180037210 f   sfc_debug:sfdb_coverage.obj
 0001:00036300       sf_debug_cc_set_transition_maps 0000000180037300 f   sfc_debug:sfdb_coverage.obj
 0001:00036430       sf_debug_cc_set_state_maps 0000000180037430 f   sfc_debug:sfdb_coverage.obj
 0001:00036510       sf_debug_cc_set_transition_weights 0000000180037510 f   sfc_debug:sfdb_coverage.obj
 0001:000367e0       sf_debug_cc_set_state_weights 00000001800377e0 f   sfc_debug:sfdb_coverage.obj
 0001:00036ab0       sf_debug_cc_mark_transition_guard 0000000180037ab0 f   sfc_debug:sfdb_coverage.obj
 0001:00036b40       sf_debug_cc_mark_transition_trigger 0000000180037b40 f   sfc_debug:sfdb_coverage.obj
 0001:00036bd0       sf_debug_cc_mark_transition_decision 0000000180037bd0 f   sfc_debug:sfdb_coverage.obj
 0001:00036c40       sf_debug_cc_mark_transition_condition_action 0000000180037c40 f   sfc_debug:sfdb_coverage.obj
 0001:00036c90       sf_debug_cc_mark_transition_transition_action 0000000180037c90 f   sfc_debug:sfdb_coverage.obj
 0001:00036ce0       sf_debug_cc_mark_state_entry 0000000180037ce0 f   sfc_debug:sfdb_coverage.obj
 0001:00036d30       sf_debug_cc_mark_state_during 0000000180037d30 f   sfc_debug:sfdb_coverage.obj
 0001:00036d80       sf_debug_cc_mark_state_exit 0000000180037d80 f   sfc_debug:sfdb_coverage.obj
 0001:00036dd0       sf_debug_bm_clear_script_breakpoints 0000000180037dd0 f   sfc_debug:sfdb_breakpoints.obj
 0001:00036e00       sf_debug_bm_set_script_breakpoint 0000000180037e00 f   sfc_debug:sfdb_breakpoints.obj
 0001:00036e80       sf_debug_bm_clear_single_script_breakpoint 0000000180037e80 f   sfc_debug:sfdb_breakpoints.obj
 0001:00036f00       sf_debug_bm_query_script_breakpoint 0000000180037f00 f   sfc_debug:sfdb_breakpoints.obj
 0001:00036f50       sf_debug_bm_initialize_scripts 0000000180037f50 f   sfc_debug:sfdb_breakpoints.obj
 0001:00037670       sf_debug_bm_terminate      0000000180038670 f   sfc_debug:sfdb_breakpoints.obj
 0001:00037960       sf_debug_bm_remove_all_breakpoints_in_machine 0000000180038960 f   sfc_debug:sfdb_breakpoints.obj
 0001:000379d0       sf_debug_bm_remove_all_breakpoints_in_chart 00000001800389d0 f   sfc_debug:sfdb_breakpoints.obj
 0001:00037b20       sf_debug_bm_initialize_global_breakpoints 0000000180038b20 f   sfc_debug:sfdb_breakpoints.obj
 0001:00037ca0       sf_debug_bm_set_breakpoint 0000000180038ca0 f   sfc_debug:sfdb_breakpoints.obj
 0001:000382a0       sf_debug_bm_set_eml_breakpoint 00000001800392a0 f   sfc_debug:sfdb_breakpoints.obj
 0001:00038340       sf_debug_bm_initialize_machine_breakpoint_map 0000000180039340 f   sfc_debug:sfdb_breakpoints.obj
 0001:00038760       sf_debug_bm_is_a_breakpoint 0000000180039760 f   sfc_debug:sfdb_breakpoints.obj
 0001:00038d40       sf_debug_bm_get_all_breakpoints_in_machine 0000000180039d40 f   sfc_debug:sfdb_breakpoints.obj
 0001:00039040       sf_debug_bm_get_all_breakpoints_in_chart 000000018003a040 f   sfc_debug:sfdb_breakpoints.obj
 0001:00039d00       sf_debug_bm_initialize_machine 000000018003ad00 f   sfc_debug:sfdb_breakpoints.obj
 0001:00039dd0       sf_debug_bm_initialize_chart 000000018003add0 f   sfc_debug:sfdb_breakpoints.obj
 0001:0003a1f0       sf_debug_sc_terminate      000000018003b1f0 f   sfc_debug:sfdb_state_consistency.obj
 0001:0003a520       sf_debug_sc_is_chart_consistent 000000018003b520 f   sfc_debug:sfdb_state_consistency.obj
 0001:0003a7d0       sf_debug_sc_get_consistency_error_info 000000018003b7d0 f   sfc_debug:sfdb_state_consistency.obj
 0001:0003ac20       sf_debug_tm_terminate      000000018003bc20 f   sfc_debug:sfdb_call_stack.obj
 0001:0003ace0       sf_debug_tm_push_chart_instance 000000018003bce0 f   sfc_debug:sfdb_call_stack.obj
 0001:0003ae30       sf_debug_tm_pop_chart_instance 000000018003be30 f   sfc_debug:sfdb_call_stack.obj
 0001:0003ae90       sf_debug_tm_push_trace_node 000000018003be90 f   sfc_debug:sfdb_call_stack.obj
 0001:0003b020       sf_debug_tm_pop_trace_node 000000018003c020 f   sfc_debug:sfdb_call_stack.obj
 0001:0003b0a0       sf_debug_tm_get_current_global_trace_index 000000018003c0a0 f   sfc_debug:sfdb_call_stack.obj
 0001:0003b0b0       sf_debug_tm_get_current_local_trace_index 000000018003c0b0 f   sfc_debug:sfdb_call_stack.obj
 0001:0003b0e0       sf_debug_tm_set_cycle_detected_flag 000000018003c0e0 f   sfc_debug:sfdb_call_stack.obj
 0001:0003b120       sf_debug_tm_set_cycle_started_flag 000000018003c120 f   sfc_debug:sfdb_call_stack.obj
 0001:0003b160       sf_debug_tm_get_chart_number_from_stack 000000018003c160 f   sfc_debug:sfdb_call_stack.obj
 0001:0003b360       sf_debug_tm_browse_trace   000000018003c360 f   sfc_debug:sfdb_call_stack.obj
 0001:0003b6a0       sf_debug_cd_initialize_instance 000000018003c6a0 f   sfc_debug:sfdb_cycle_detection.obj
 0001:0003b950       sf_debug_cd_mark_processed_transition_in_instance 000000018003c950 f   sfc_debug:sfdb_cycle_detection.obj
 0001:0003b9f0       sf_debug_cd_checksum_push  000000018003c9f0 f   sfc_debug:sfdb_cycle_detection.obj
 0001:0003bcb0       sf_debug_cd_checksum_pop   000000018003ccb0 f   sfc_debug:sfdb_cycle_detection.obj
 0001:0003bd20       sf_debug_cd_turn_off_cycle_detection 000000018003cd20 f   sfc_debug:sfdb_cycle_detection.obj
 0001:0003bd70       sf_debug_cd_terminate      000000018003cd70 f   sfc_debug:sfdb_cycle_detection.obj
 0001:0003bfb0       md5_initialize_state       000000018003cfb0 f   sfc_debug:ckmd5.obj
 0001:0003ca20       md5_update_state           000000018003da20 f   sfc_debug:ckmd5.obj
 0001:0003ca40       md5_get_hash               000000018003da40 f   sfc_debug:ckmd5.obj
 0001:0003ca70       md5_get_hash_for_a_single_string 000000018003da70 f   sfc_debug:ckmd5.obj
 0001:0003cad4       mxGetPr                    000000018003dad4 f   libmx:libmx.dll
 0001:0003cada       mxCreateDoubleScalar       000000018003dada f   libmx:libmx.dll
 0001:0003cae0       mxCreateDoubleMatrix_730   000000018003dae0 f   libmx:libmx.dll
 0001:0003cae6       mxSetField_730             000000018003dae6 f   libmx:libmx.dll
 0001:0003caec       mxCreateString             000000018003daec f   libmx:libmx.dll
 0001:0003caf2       mxCreateStructMatrix_730   000000018003daf2 f   libmx:libmx.dll
 0001:0003caf8       mxDestroyArray             000000018003daf8 f   libmx:libmx.dll
 0001:0003cafe       mxDuplicateArray           000000018003dafe f   libmx:libmx.dll
 0001:0003cb04       mxGetString_730            000000018003db04 f   libmx:libmx.dll
 0001:0003cb0a       mxIsChar                   000000018003db0a f   libmx:libmx.dll
 0001:0003cb10       mxGetClassID               000000018003db10 f   libmx:libmx.dll
 0001:0003cb16       mxIsNumeric                000000018003db16 f   libmx:libmx.dll
 0001:0003cb1c       mxIsComplex                000000018003db1c f   libmx:libmx.dll
 0001:0003cb22       mxGetN                     000000018003db22 f   libmx:libmx.dll
 0001:0003cb28       mxGetM                     000000018003db28 f   libmx:libmx.dll
 0001:0003cb2e       mxCalloc                   000000018003db2e f   libmx:libmx.dll
 0001:0003cb34       mxGetScalar                000000018003db34 f   libmx:libmx.dll
 0001:0003cb3a       mxIsLogical                000000018003db3a f   libmx:libmx.dll
 0001:0003cb40       mxCreateDoubleMatrix_700   000000018003db40 f   libmx:libmx.dll
 0001:0003cb46       mxFree                     000000018003db46 f   libmx:libmx.dll
 0001:0003cb4c       mxArrayToString            000000018003db4c f   libmx:libmx.dll
 0001:0003cb52       mxCreateCellMatrix_700     000000018003db52 f   libmx:libmx.dll
 0001:0003cb58       mxSetCell_700              000000018003db58 f   libmx:libmx.dll
 0001:0003cb5e       mxGetCell_700              000000018003db5e f   libmx:libmx.dll
 0001:0003cb64       mxGetClassName             000000018003db64 f   libmx:libmx.dll
 0001:0003cb6a       mxSetField_700             000000018003db6a f   libmx:libmx.dll
 0001:0003cb70       mxAddField                 000000018003db70 f   libmx:libmx.dll
 0001:0003cb76       mxGetField_700             000000018003db76 f   libmx:libmx.dll
 0001:0003cb7c       mxGetNumberOfElements      000000018003db7c f   libmx:libmx.dll
 0001:0003cb82       mxIsStruct                 000000018003db82 f   libmx:libmx.dll
 0001:0003cb88       mxIsA                      000000018003db88 f   libmx:libmx.dll
 0001:0003cb8e       mxIsClass                  000000018003db8e f   libmx:libmx.dll
 0001:0003cb94       mxGetLogicals              000000018003db94 f   libmx:libmx.dll
 0001:0003cb9a       mxIsSparse                 000000018003db9a f   libmx:libmx.dll
 0001:0003cba0       mxSetFieldByNumber_700     000000018003dba0 f   libmx:libmx.dll
 0001:0003cba6       mxGetFieldByNumber_700     000000018003dba6 f   libmx:libmx.dll
 0001:0003cbac       mxGetFieldNameByNumber     000000018003dbac f   libmx:libmx.dll
 0001:0003cbb2       mxGetNumberOfFields        000000018003dbb2 f   libmx:libmx.dll
 0001:0003cbb8       mxCreateStructMatrix_700   000000018003dbb8 f   libmx:libmx.dll
 0001:0003cbbe       mxGetFieldNumber           000000018003dbbe f   libmx:libmx.dll
 0001:0003cbc4       mxIsNaN                    000000018003dbc4 f   libmx:libmx.dll
 0001:0003cbca       mxIsEmpty                  000000018003dbca f   libmx:libmx.dll
 0001:0003cbd0       mxGetData                  000000018003dbd0 f   libmx:libmx.dll
 0001:0003cbd6       mxGetImagData              000000018003dbd6 f   libmx:libmx.dll
 0001:0003cbdc       mxArrayClassIDName         000000018003dbdc f   libmx:libmx.dll
 0001:0003cbe2       mxCreateNumericMatrix_700  000000018003dbe2 f   libmx:libmx.dll
 0001:0003cbe8       mxCreateStructArray_700    000000018003dbe8 f   libmx:libmx.dll
 0001:0003cbee       mxCalcSingleSubscript_700  000000018003dbee f   libmx:libmx.dll
 0001:0003cbf4       mxGetDimensions_700        000000018003dbf4 f   libmx:libmx.dll
 0001:0003cbfa       mxGetNumberOfDimensions_700 000000018003dbfa f   libmx:libmx.dll
 0001:0003cc00       mxCreateNumericArray_700   000000018003dc00 f   libmx:libmx.dll
 0001:0003cc06       mxGetElementSize           000000018003dc06 f   libmx:libmx.dll
 0001:0003cc0c       mxCreateStringFromNChars_700 000000018003dc0c f   libmx:libmx.dll
 0001:0003cc12       mxGetString_700            000000018003dc12 f   libmx:libmx.dll
 0001:0003cc18       mxIsLogicalScalarTrue      000000018003dc18 f   libmx:libmx.dll
 0001:0003cc1e       mxCreateLogicalScalar      000000018003dc1e f   libmx:libmx.dll
 0001:0003cc24       mexUnlock                  000000018003dc24 f   libmex:libmex.dll
 0001:0003cc2a       mexIsLocked                000000018003dc2a f   libmex:libmex.dll
 0001:0003cc30       mexWarnMsgTxt              000000018003dc30 f   libmex:libmex.dll
 0001:0003cc36       mexCallMATLAB              000000018003dc36 f   libmex:libmex.dll
 0001:0003cc3c       mexErrMsgTxt               000000018003dc3c f   libmex:libmex.dll
 0001:0003cc42       mexMakeArrayPersistent     000000018003dc42 f   libmex:libmex.dll
 0001:0003cc48       mexSetTrapFlag             000000018003dc48 f   libmex:libmex.dll
 0001:0003cc4e       mexPutVariable             000000018003dc4e f   libmex:libmex.dll
 0001:0003cc54       mexGetVariable             000000018003dc54 f   libmex:libmex.dll
 0001:0003cc5a       mexLock                    000000018003dc5a f   libmex:libmex.dll
 0001:0003cc60       mexMakeMemoryPersistent    000000018003dc60 f   libmex:libmex.dll
 0001:0003cc66       mexFunctionName            000000018003dc66 f   libmex:libmex.dll
 0001:0003cc6c       ssRegisterDataTypeFxpFSlopeFixExpBias 000000018003dc6c f   libfixedpoint:libfixedpoint.dll
 0001:0003cc72       utVSNprintf                000000018003dc72 f   libut:libut.dll
 0001:0003cc78       utCPUtime                  000000018003dc78 f   libut:libut.dll
 0001:0003cc7e       utFree                     000000018003dc7e f   libut:libut.dll
 0001:0003cc84       utMalloc                   000000018003dc84 f   libut:libut.dll
 0001:0003cc8a       muDoubleScalarMin          000000018003dc8a f   libmwmathutil:libmwmathutil.dll
 0001:0003cc90       muDoubleScalarPower        000000018003dc90 f   libmwmathutil:libmwmathutil.dll
 0001:0003cc96       muDoubleScalarSqrt         000000018003dc96 f   libmwmathutil:libmwmathutil.dll
 0001:0003cc9c       muDoubleScalarMax          000000018003dc9c f   libmwmathutil:libmwmathutil.dll
 0001:0003cca2       muDoubleScalarCos          000000018003dca2 f   libmwmathutil:libmwmathutil.dll
 0001:0003cca8       muDoubleScalarSin          000000018003dca8 f   libmwmathutil:libmwmathutil.dll
 0001:0003ccae       emlrtCreateRootTLS         000000018003dcae f   libemlrt:libemlrt.dll
 0001:0003ccb4       emlrtDestroyRootTLS        000000018003dcb4 f   libemlrt:libemlrt.dll
 0001:0003ccba       emlrtCheckBuiltInR2012b    000000018003dcba f   libemlrt:libemlrt.dll
 0001:0003ccc0       emlrtCheckVsBuiltInR2012b  000000018003dcc0 f   libemlrt:libemlrt.dll
 0001:0003ccc6       emlrtCheckEnumR2012b       000000018003dcc6 f   libemlrt:libemlrt.dll
 0001:0003cccc       emlrtCreateEnumR2012b      000000018003dccc f   libemlrt:libemlrt.dll
 0001:0003ccd2       emlrtGetEnumElementR2009a  000000018003dcd2 f   libemlrt:libemlrt.dll
 0001:0003ccd8       emlrtCreateReference       000000018003dcd8 f   libemlrt:libemlrt.dll
 0001:0003ccde       emlrtImportVsFiArrayR2009b 000000018003dcde f   libemlrt:libemlrt.dll
 0001:0003cce4       emlrtNameCapturePostProcessR2012a 000000018003dce4 f   libemlrt:libemlrt.dll
 0001:0003ccea       emlrtExtractMessageId      000000018003dcea f   libemlrt:libemlrt.dll
 0001:0003ccf0       emlrtTranslateMessageIDtoLCPstring 000000018003dcf0 f   libemlrt:libemlrt.dll
 0001:0003ccf6       emlrtForLoopVectorIsValidR2011b 000000018003dcf6 f   libemlrt:libemlrt.dll
 0001:0003ccfc       emlrtTranslateUTF16MessagetoLCPstring 000000018003dcfc f   libemlrt:libemlrt.dll
 0001:0003cd02       emlrtGetEnumUnderlyingArrayR2009a 000000018003dd02 f   libemlrt:libemlrt.dll
 0001:0003cd08       emlrtIsEnumR2009a          000000018003dd08 f   libemlrt:libemlrt.dll
 0001:0003cd10       __GSHandlerCheckCommon     000000018003dd10 f   MSVCRT:gshandler.obj
 0001:0003cd74       __GSHandlerCheck           000000018003dd74 f   MSVCRT:gshandler.obj
 0001:0003cd92       strlen                     000000018003dd92 f   MSVCRT:MSVCR100.dll
 0001:0003cdb0       __security_check_cookie    000000018003ddb0 f   MSVCRT:amdsecgs.obj
 0001:0003cdd0       memset                     000000018003ddd0 f   MSVCRT:MSVCR100.dll
 0001:0003cdd6       malloc                     000000018003ddd6 f   MSVCRT:MSVCR100.dll
 0001:0003cddc       free                       000000018003dddc f   MSVCRT:MSVCR100.dll
 0001:0003cde2       strcmp                     000000018003dde2 f   MSVCRT:MSVCR100.dll
 0001:0003cde8       sprintf                    000000018003dde8 f   MSVCRT:MSVCR100.dll
 0001:0003cdee       strcat                     000000018003ddee f   MSVCRT:MSVCR100.dll
 0001:0003cdf4       memcpy                     000000018003ddf4 f   MSVCRT:MSVCR100.dll
 0001:0003cdfc       NtCurrentTeb               000000018003ddfc f i MSVCRT:crtdll.obj
 0001:0003ce68       _CRT_INIT                  000000018003de68 f   MSVCRT:crtdll.obj
 0001:0003d200       _DllMainCRTStartup         000000018003e200 f   MSVCRT:crtdll.obj
 0001:0003d23e       strncpy                    000000018003e23e f   MSVCRT:MSVCR100.dll
 0001:0003d260       __chkstk                   000000018003e260 f   MSVCRT:chkstk.obj
 0001:0003d260       _alloca_probe              000000018003e260     MSVCRT:chkstk.obj
 0001:0003d2ae       longjmp                    000000018003e2ae f   MSVCRT:MSVCR100.dll
 0001:0003d2b4       strncmp                    000000018003e2b4 f   MSVCRT:MSVCR100.dll
 0001:0003d2ba       ceil                       000000018003e2ba f   MSVCRT:MSVCR100.dll
 0001:0003d2c0       strrchr                    000000018003e2c0 f   MSVCRT:MSVCR100.dll
 0001:0003d2c6       _setjmp                    000000018003e2c6 f   MSVCRT:MSVCR100.dll
 0001:0003d2cc       calloc                     000000018003e2cc f   MSVCRT:MSVCR100.dll
 0001:0003d2d2       realloc                    000000018003e2d2 f   MSVCRT:MSVCR100.dll
 0001:0003d2d8       ldexp                      000000018003e2d8 f   MSVCRT:MSVCR100.dll
 0001:0003d2e0       __report_gsfailure         000000018003e2e0 f   MSVCRT:gs_report.obj
 0001:0003d42c       __clean_type_info_names    000000018003e42c f   MSVCRT:tncleanup.obj
 0001:0003d438       _onexit                    000000018003e438 f   MSVCRT:atonexit.obj
 0001:0003d4e8       atexit                     000000018003e4e8 f   MSVCRT:atonexit.obj
 0001:0003d500       _RTC_Initialize            000000018003e500 f   MSVCRT:_initsect_.obj
 0001:0003d538       _RTC_Terminate             000000018003e538 f   MSVCRT:_initsect_.obj
 0001:0003d570       _malloc_crt                000000018003e570 f   MSVCRT:MSVCR100.dll
 0001:0003d580       _ValidateImageBase         000000018003e580 f   MSVCRT:pesect.obj
 0001:0003d5b0       _FindPESection             000000018003e5b0 f   MSVCRT:pesect.obj
 0001:0003d600       _IsNonwritableInCurrentImage 000000018003e600 f   MSVCRT:pesect.obj
 0001:0003d642       _initterm                  000000018003e642 f   MSVCRT:MSVCR100.dll
 0001:0003d648       _initterm_e                000000018003e648 f   MSVCRT:MSVCR100.dll
 0001:0003d64e       _encoded_null              000000018003e64e f   MSVCRT:MSVCR100.dll
 0001:0003d654       _amsg_exit                 000000018003e654 f   MSVCRT:MSVCR100.dll
 0001:0003d65a       __C_specific_handler       000000018003e65a f   MSVCRT:MSVCR100.dll
 0001:0003d660       __CppXcptFilter            000000018003e660 f   MSVCRT:MSVCR100.dll
 0001:0003d668       DllMain                    000000018003e668 f   MSVCRT:dllmain.obj
 0001:0003d68c       __security_init_cookie     000000018003e68c f   MSVCRT:gs_support.obj
 0001:0003d740       __crt_debugger_hook        000000018003e740 f   MSVCRT:MSVCR100.dll
 0001:0003d746       __clean_type_info_names_internal 000000018003e746 f   MSVCRT:MSVCR100.dll
 0001:0003d74c       _unlock                    000000018003e74c f   MSVCRT:MSVCR100.dll
 0001:0003d752       __dllonexit                000000018003e752 f   MSVCRT:MSVCR100.dll
 0001:0003d758       _lock                      000000018003e758 f   MSVCRT:MSVCR100.dll
 0001:0003d75e       EncodePointer              000000018003e75e f   kernel32:KERNEL32.dll
 0001:0003d764       DecodePointer              000000018003e764 f   kernel32:KERNEL32.dll
 0001:0003d76a       Sleep                      000000018003e76a f   kernel32:KERNEL32.dll
 0001:0003d770       TerminateProcess           000000018003e770 f   kernel32:KERNEL32.dll
 0001:0003d776       GetCurrentProcess          000000018003e776 f   kernel32:KERNEL32.dll
 0001:0003d77c       UnhandledExceptionFilter   000000018003e77c f   kernel32:KERNEL32.dll
 0001:0003d782       SetUnhandledExceptionFilter 000000018003e782 f   kernel32:KERNEL32.dll
 0001:0003d788       IsDebuggerPresent          000000018003e788 f   kernel32:KERNEL32.dll
 0001:0003d78e       RtlVirtualUnwind           000000018003e78e f   kernel32:KERNEL32.dll
 0001:0003d794       RtlLookupFunctionEntry     000000018003e794 f   kernel32:KERNEL32.dll
 0001:0003d79a       RtlCaptureContext          000000018003e79a f   kernel32:KERNEL32.dll
 0001:0003d7a0       DisableThreadLibraryCalls  000000018003e7a0 f   kernel32:KERNEL32.dll
 0001:0003d7a6       QueryPerformanceCounter    000000018003e7a6 f   kernel32:KERNEL32.dll
 0001:0003d7ac       GetTickCount               000000018003e7ac f   kernel32:KERNEL32.dll
 0001:0003d7b2       GetCurrentThreadId         000000018003e7b2 f   kernel32:KERNEL32.dll
 0001:0003d7b8       GetCurrentProcessId        000000018003e7b8 f   kernel32:KERNEL32.dll
 0001:0003d7be       GetSystemTimeAsFileTime    000000018003e7be f   kernel32:KERNEL32.dll
 0002:00000000       __imp_DisableThreadLibraryCalls 000000018003f000     kernel32:KERNEL32.dll
 0002:00000008       __imp_RtlCaptureContext    000000018003f008     kernel32:KERNEL32.dll
 0002:00000010       __imp_RtlLookupFunctionEntry 000000018003f010     kernel32:KERNEL32.dll
 0002:00000018       __imp_RtlVirtualUnwind     000000018003f018     kernel32:KERNEL32.dll
 0002:00000020       __imp_IsDebuggerPresent    000000018003f020     kernel32:KERNEL32.dll
 0002:00000028       __imp_SetUnhandledExceptionFilter 000000018003f028     kernel32:KERNEL32.dll
 0002:00000030       __imp_UnhandledExceptionFilter 000000018003f030     kernel32:KERNEL32.dll
 0002:00000038       __imp_GetCurrentProcess    000000018003f038     kernel32:KERNEL32.dll
 0002:00000040       __imp_TerminateProcess     000000018003f040     kernel32:KERNEL32.dll
 0002:00000048       __imp_Sleep                000000018003f048     kernel32:KERNEL32.dll
 0002:00000050       __imp_DecodePointer        000000018003f050     kernel32:KERNEL32.dll
 0002:00000058       __imp_EncodePointer        000000018003f058     kernel32:KERNEL32.dll
 0002:00000060       __imp_GetTickCount         000000018003f060     kernel32:KERNEL32.dll
 0002:00000068       __imp_GetCurrentThreadId   000000018003f068     kernel32:KERNEL32.dll
 0002:00000070       __imp_GetCurrentProcessId  000000018003f070     kernel32:KERNEL32.dll
 0002:00000078       __imp_GetSystemTimeAsFileTime 000000018003f078     kernel32:KERNEL32.dll
 0002:00000080       __imp_QueryPerformanceCounter 000000018003f080     kernel32:KERNEL32.dll
 0002:00000088       \177KERNEL32_NULL_THUNK_DATA 000000018003f088     kernel32:KERNEL32.dll
 0002:00000090       __imp__onexit              000000018003f090     MSVCRT:MSVCR100.dll
 0002:00000098       __imp__lock                000000018003f098     MSVCRT:MSVCR100.dll
 0002:000000a0       __imp___dllonexit          000000018003f0a0     MSVCRT:MSVCR100.dll
 0002:000000a8       __imp__unlock              000000018003f0a8     MSVCRT:MSVCR100.dll
 0002:000000b0       __imp___clean_type_info_names_internal 000000018003f0b0     MSVCRT:MSVCR100.dll
 0002:000000b8       __imp___crt_debugger_hook  000000018003f0b8     MSVCRT:MSVCR100.dll
 0002:000000c0       __imp___CppXcptFilter      000000018003f0c0     MSVCRT:MSVCR100.dll
 0002:000000c8       __imp___C_specific_handler 000000018003f0c8     MSVCRT:MSVCR100.dll
 0002:000000d0       __imp__amsg_exit           000000018003f0d0     MSVCRT:MSVCR100.dll
 0002:000000d8       __imp__encoded_null        000000018003f0d8     MSVCRT:MSVCR100.dll
 0002:000000e0       __imp__initterm_e          000000018003f0e0     MSVCRT:MSVCR100.dll
 0002:000000e8       __imp__initterm            000000018003f0e8     MSVCRT:MSVCR100.dll
 0002:000000f0       __imp__malloc_crt          000000018003f0f0     MSVCRT:MSVCR100.dll
 0002:000000f8       __imp_ldexp                000000018003f0f8     MSVCRT:MSVCR100.dll
 0002:00000100       __imp_realloc              000000018003f100     MSVCRT:MSVCR100.dll
 0002:00000108       __imp_calloc               000000018003f108     MSVCRT:MSVCR100.dll
 0002:00000110       __imp__setjmp              000000018003f110     MSVCRT:MSVCR100.dll
 0002:00000118       __imp_strrchr              000000018003f118     MSVCRT:MSVCR100.dll
 0002:00000120       __imp_ceil                 000000018003f120     MSVCRT:MSVCR100.dll
 0002:00000128       __imp_strncmp              000000018003f128     MSVCRT:MSVCR100.dll
 0002:00000130       __imp_longjmp              000000018003f130     MSVCRT:MSVCR100.dll
 0002:00000138       __imp_strncpy              000000018003f138     MSVCRT:MSVCR100.dll
 0002:00000140       __imp_memcpy               000000018003f140     MSVCRT:MSVCR100.dll
 0002:00000148       __imp_strcat               000000018003f148     MSVCRT:MSVCR100.dll
 0002:00000150       __imp_sprintf              000000018003f150     MSVCRT:MSVCR100.dll
 0002:00000158       __imp_strcmp               000000018003f158     MSVCRT:MSVCR100.dll
 0002:00000160       __imp_free                 000000018003f160     MSVCRT:MSVCR100.dll
 0002:00000168       __imp_malloc               000000018003f168     MSVCRT:MSVCR100.dll
 0002:00000170       __imp_memset               000000018003f170     MSVCRT:MSVCR100.dll
 0002:00000178       __imp_strlen               000000018003f178     MSVCRT:MSVCR100.dll
 0002:00000180       \177MSVCR100_NULL_THUNK_DATA 000000018003f180     MSVCRT:MSVCR100.dll
 0002:00000188       __imp_emlrtIsEnumR2009a    000000018003f188     libemlrt:libemlrt.dll
 0002:00000190       __imp_emlrtGetEnumUnderlyingArrayR2009a 000000018003f190     libemlrt:libemlrt.dll
 0002:00000198       __imp_emlrtTranslateUTF16MessagetoLCPstring 000000018003f198     libemlrt:libemlrt.dll
 0002:000001a0       __imp_emlrtForLoopVectorIsValidR2011b 000000018003f1a0     libemlrt:libemlrt.dll
 0002:000001a8       __imp_emlrtTranslateMessageIDtoLCPstring 000000018003f1a8     libemlrt:libemlrt.dll
 0002:000001b0       __imp_emlrtExtractMessageId 000000018003f1b0     libemlrt:libemlrt.dll
 0002:000001b8       __imp_emlrtNameCapturePostProcessR2012a 000000018003f1b8     libemlrt:libemlrt.dll
 0002:000001c0       __imp_emlrtCheckBuiltInR2012b 000000018003f1c0     libemlrt:libemlrt.dll
 0002:000001c8       __imp_emlrtDestroyRootTLS  000000018003f1c8     libemlrt:libemlrt.dll
 0002:000001d0       __imp_emlrtCreateRootTLS   000000018003f1d0     libemlrt:libemlrt.dll
 0002:000001d8       __imp_emlrtCheckEnumR2012b 000000018003f1d8     libemlrt:libemlrt.dll
 0002:000001e0       __imp_emlrtCreateEnumR2012b 000000018003f1e0     libemlrt:libemlrt.dll
 0002:000001e8       __imp_emlrtGetEnumElementR2009a 000000018003f1e8     libemlrt:libemlrt.dll
 0002:000001f0       __imp_emlrtCreateReference 000000018003f1f0     libemlrt:libemlrt.dll
 0002:000001f8       __imp_emlrtImportVsFiArrayR2009b 000000018003f1f8     libemlrt:libemlrt.dll
 0002:00000200       __imp_emlrtCheckVsBuiltInR2012b 000000018003f200     libemlrt:libemlrt.dll
 0002:00000208       \177libemlrt_NULL_THUNK_DATA 000000018003f208     libemlrt:libemlrt.dll
 0002:00000210       __imp_ssRegisterDataTypeFxpFSlopeFixExpBias 000000018003f210     libfixedpoint:libfixedpoint.dll
 0002:00000218       \177libfixedpoint_NULL_THUNK_DATA 000000018003f218     libfixedpoint:libfixedpoint.dll
 0002:00000220       __imp_mexFunctionName      000000018003f220     libmex:libmex.dll
 0002:00000228       __imp_mexMakeMemoryPersistent 000000018003f228     libmex:libmex.dll
 0002:00000230       __imp_mexLock              000000018003f230     libmex:libmex.dll
 0002:00000238       __imp_mexPutVariable       000000018003f238     libmex:libmex.dll
 0002:00000240       __imp_mexSetTrapFlag       000000018003f240     libmex:libmex.dll
 0002:00000248       __imp_mexMakeArrayPersistent 000000018003f248     libmex:libmex.dll
 0002:00000250       __imp_mexErrMsgTxt         000000018003f250     libmex:libmex.dll
 0002:00000258       __imp_mexCallMATLAB        000000018003f258     libmex:libmex.dll
 0002:00000260       __imp_mexUnlock            000000018003f260     libmex:libmex.dll
 0002:00000268       __imp_mexIsLocked          000000018003f268     libmex:libmex.dll
 0002:00000270       __imp_mexWarnMsgTxt        000000018003f270     libmex:libmex.dll
 0002:00000278       __imp_mexGetVariable       000000018003f278     libmex:libmex.dll
 0002:00000280       \177libmex_NULL_THUNK_DATA 000000018003f280     libmex:libmex.dll
[...]
 0001:00012e70       sf_mex_check_fimath        0000000180013e70 f   sfc_mex:sfc_mex.obj
 0001:00013a20       size_mismatch_error        0000000180014a20 f   sfc_mex:sfc_mex.obj
 0001:000144c0       check_array_dimensions     00000001800154c0 f   sfc_mex:sfc_mex.obj
 0001:00014530       check_input_mxarray        0000000180015530 f   sfc_mex:sfc_mex.obj
 0001:00014c70       sf_numeric_value_to_double 0000000180015c70 f   sfc_mex:sfc_mex.obj
 0001:00014cc0       ml_generic_out_of_bounds_check 0000000180015cc0 f   sfc_mex:sfc_mex.obj
 0001:00014e90       ml_get_element_value_from_array 0000000180015e90 f   sfc_mex:sfc_mex.obj
 0001:00015230       _ml_generic_castability_check 0000000180016230 f   sfc_mex:sfc_mex.obj
 0001:00015f90       ml_generic_castability_check 0000000180016f90 f   sfc_mex:sfc_mex.obj
 0001:00016030       ml_check_mx_array_for_single_castability 0000000180017030 f   sfc_mex:sfc_mex.obj
 0001:000160d0       ml_check_mx_array_for_logical_castability 00000001800170d0 f   sfc_mex:sfc_mex.obj
 0001:00016170       ml_check_mx_array_for_int8_castability 0000000180017170 f   sfc_mex:sfc_mex.obj
 0001:00016220       ml_check_mx_array_for_uint8_castability 0000000180017220 f   sfc_mex:sfc_mex.obj
 0001:00016280       ml_check_mx_array_for_int16_castability 0000000180017280 f   sfc_mex:sfc_mex.obj
 0001:000162e0       ml_check_mx_array_for_uint16_castability 00000001800172e0 f   sfc_mex:sfc_mex.obj
 0001:00016340       ml_check_mx_array_for_int32_castability 0000000180017340 f   sfc_mex:sfc_mex.obj
 0001:000163a0       ml_check_mx_array_for_uint32_castability 00000001800173a0 f   sfc_mex:sfc_mex.obj
 0001:00016400       ml_check_mx_array_for_castability 0000000180017400 f   sfc_mex:sfc_mex.obj
 0001:00016d30       set_data_value             0000000180017d30 f   sfc_mex:sfc_mex.obj
 0001:000170a0       get_data_value             00000001800180a0 f   sfc_mex:sfc_mex.obj
 0001:000171b0       get_next_element_address   00000001800181b0 f   sfc_mex:sfc_mex.obj
 0001:00017280       sf_normalize_index         0000000180018280 f   sfc_mex:sfc_mex.obj
 0001:00017610       ml_array_index_bound_check 0000000180018610 f   sfc_mex:sfc_mex.obj
 0001:00018130       mx_value                   0000000180019130 f   sfc_mex:sfc_mex.obj
 0001:00018180       sf_create_numeric_array    0000000180019180 f   sfc_mex:sfc_mex.obj
 0001:00018220       sf_mex_assign_to_mx_array  0000000180019220 f   sfc_mex:sfc_mex.obj
 0001:00018570       assign_from_mx_array       0000000180019570 f   sfc_mex:sfc_mex.obj
 0001:00018da0       sf_mex_import_v            0000000180019da0 f   sfc_mex:sfc_mex.obj
 0001:000194a0       get_machine_and_chart_file_number 000000018001a4a0 f   sfc_mex:sfc_sf.obj
 0001:00019590       get_sfun_block_specialization 000000018001a590 f   sfc_mex:sfc_sf.obj
 0001:00019640       call_sf_machine_global_method_dispatcher 000000018001a640 f   sfc_mex:sfc_sf.obj
 0001:00019890       mdl_zeroCrossings_processing 000000018001a890 f   sfc_mex:sfc_sf.obj
 0001:00019960       mdl_derivatives_processing 000000018001a960 f   sfc_mex:sfc_sf.obj
 0001:00019c20       mdl_outputs_continuous_legacy 000000018001ac20 f   sfc_mex:sfc_sf.obj
 0001:00019ca0       mdl_outputs_processing     000000018001aca0 f   sfc_mex:sfc_sf.obj
 0001:00019f10       mdl_enable_processing      000000018001af10 f   sfc_mex:sfc_sf.obj
 0001:00019fe0       mdl_disable_processing     000000018001afe0 f   sfc_mex:sfc_sf.obj
 0001:0001ad50       sf_call_output_fcn_enable_disable 000000018001bd50 f   sfc_mex:sfc_sf.obj
 0001:0001afd0       set_dwork_information_from_mx_array 000000018001bfd0 f   sfc_mex:sfc_sf.obj
 0001:0001b890       ptr2mxStruct               000000018001c890 f   sfc_mex:sfc_sf.obj
 0001:0001bba0       SNPRINTF_WRAPPER           000000018001cba0 f   sfc_debug:sfcdebug.obj
 0001:0001bbc0       sf_debug_chart_instance_initialized_quick 000000018001cbc0 f   sfc_debug:sfcdebug.obj
 0001:0001bbd0       sf_debug_chart_instance_initialized 000000018001cbd0 f   sfc_debug:sfcdebug.obj
 0001:0001bd70       sfrtAddSize                000000018001cd70 f   sfc_debug:sfcdebug.obj
 0001:0001be30       sfrtGenSizeString          000000018001ce30 f   sfc_debug:sfcdebug.obj
 0001:0001c540       fill_single_message_info   000000018001d540 f   sfc_debug:sfcdebug.obj
 0001:0001c700       sf_debug_sim_status_listener 000000018001d700 f   sfc_debug:sfcdebug.obj
 0001:0001cc70       sf_debug_form_mask_bits    000000018001dc70 f   sfc_debug:sfcdebug.obj
 0001:0001ccb0       sf_debug_form_sf_data_type_offsets 000000018001dcb0 f   sfc_debug:sfcdebug.obj
 0001:0001cd70       sf_debug_free_all          000000018001dd70 f   sfc_debug:sfcdebug.obj
 0001:0001cf20       sf_debug_append_debugger_context 000000018001df20 f   sfc_debug:sfcdebug.obj
 0001:0001d0c0       sf_debug_update_always_honor_breakpoints 000000018001e0c0 f   sfc_debug:sfcdebug.obj
 0001:0001d290       local_strdup               000000018001e290 f   sfc_debug:sfcdebug.obj
 0001:0001e170       sf_debug_em_terminate      000000018001f170 f   sfc_debug:sfcdebug.obj
 0001:0001e1b0       sf_debug_push_eml_function 000000018001f1b0 f   sfc_debug:sfcdebug.obj
 0001:0001e250       sf_debug_pop_eml_function  000000018001f250 f   sfc_debug:sfcdebug.obj
 0001:0001ef50       sf_debug_get_machine_number_from_id_or_name 000000018001ff50 f   sfc_debug:sfcdebug.obj
 0001:0001f0a0       sf_debug_get_chart_number_from_id 00000001800200a0 f   sfc_debug:sfcdebug.obj
 0001:0001fe40       sf_debug_transfer_control_to_debugger_GUI 0000000180020e40 f   sfc_debug:sfcdebug.obj
 0001:00020dd0       sf_debug_scripts_rehash    0000000180021dd0 f   sfc_debug:sfcdebug.obj
 0001:00021010       sf_debug_get_script_line_count 0000000180022010 f   sfc_debug:sfcdebug.obj
 0001:00021940       cv_eml_state_cvId          0000000180022940 f   sfc_debug:sfcdebug.obj
 0001:000219b0       cv_eml_trans_cvId          00000001800229b0 f   sfc_debug:sfcdebug.obj
 0001:00022d40       sf_debug_data_array_bounds_error 0000000180023d40 f   sfc_debug:sfcdebug.obj
 0001:00023170       eml_debug_runtime_error_doclink 0000000180024170 f   sfc_debug:sfcdebug.obj
 0001:000232d0       sf_debug_runtime_error     00000001800242d0 f   sfc_debug:sfcdebug.obj
 0001:00023340       sf_debug_matlab_error      0000000180024340 f   sfc_debug:sfcdebug.obj
 0001:00023c80       sf_debug_data_value_error  0000000180024c80 f   sfc_debug:sfcdebug.obj
 0001:00024580       sf_debug_data_loss_error   0000000180025580 f   sfc_debug:sfcdebug.obj
 0001:00025510       call_cv_range_check        0000000180026510 f   sfc_debug:sfcdebug.obj
 0001:00025ce0       sf_debug_invoke_cycle_detection_code 0000000180026ce0 f   sfc_debug:sfcdebug.obj
 0001:00026b60       sf_reset_debug_info_struct 0000000180027b60 f   sfc_debug:sfcdebug.obj
 0001:000273c0       cv_script_cvId             00000001800283c0 f   sfc_debug:sfcdebug.obj
 0001:00028120       sfc_api_chart_visible      0000000180029120 f   sfc_debug:sfc_api.obj
 0001:000281a0       sfc_api_active_instance    00000001800291a0 f   sfc_debug:sfc_api.obj
 0001:00028220       sfc_api_machine_load       0000000180029220 f   sfc_debug:sfc_api.obj
 0001:000282f0       sfc_api_debugger_alive     00000001800292f0 f   sfc_debug:sfc_api.obj
 0001:00028300       sfc_api_go                 0000000180029300 f   sfc_debug:sfc_api.obj
 0001:00028310       sfc_api_step_over          0000000180029310 f   sfc_debug:sfc_api.obj
 0001:00028320       sfc_api_step_out           0000000180029320 f   sfc_debug:sfc_api.obj
 0001:00028330       sfc_api_resume             0000000180029330 f   sfc_debug:sfc_api.obj
 0001:00028340       sfc_api_break              0000000180029340 f   sfc_debug:sfc_api.obj
 0001:00028350       sfc_api_stop_debugging     0000000180029350 f   sfc_debug:sfc_api.obj
 0001:000283a0       sfc_api_is_cycle_detected  00000001800293a0 f   sfc_debug:sfc_api.obj
 0001:000283f0       sfc_api_is_array_bounds_detected 00000001800293f0 f   sfc_debug:sfc_api.obj
 0001:00028440       sfc_api_set_disable_all_breakpoints 0000000180029440 f   sfc_debug:sfc_api.obj
 0001:000284b0       sfc_api_disable_all_breakpoints_and_go 00000001800294b0 f   sfc_debug:sfc_api.obj
 0001:000284c0       sfc_api_close              00000001800294c0 f   sfc_debug:sfc_api.obj
 0001:000284d0       sfc_api_browse_data        00000001800294d0 f   sfc_debug:sfc_api.obj
 0001:00028540       sfc_api_watch_data         0000000180029540 f   sfc_debug:sfc_api.obj
 0001:00028640       sfc_api_extract_message_post_receive_info 0000000180029640 f   sfc_debug:sfc_api.obj
 0001:00028660       sfc_api_assign_data        0000000180029660 f   sfc_debug:sfc_api.obj
 0001:00028700       sfc_api_whos               0000000180029700 f   sfc_debug:sfc_api.obj
 0001:00028790       sfc_api_get_consistency_info 0000000180029790 f   sfc_debug:sfc_api.obj
 0001:000287a0       sfc_api_browse_trace       00000001800297a0 f   sfc_debug:sfc_api.obj
 0001:000287b0       sfc_api_break_on_chart_entry 00000001800297b0 f   sfc_debug:sfc_api.obj
 0001:000287d0       sfc_api_break_on_event_broadcast 00000001800297d0 f   sfc_debug:sfc_api.obj
 0001:000287f0       sfc_api_break_on_state_entry 00000001800297f0 f   sfc_debug:sfc_api.obj
 0001:00028810       sfc_api_set_watch          0000000180029810 f   sfc_debug:sfc_api.obj
 0001:000288b0       sfc_api_set_breakpoints    00000001800298b0 f   sfc_debug:sfc_api.obj
 0001:00028950       sfc_api_set_eml_breakpoints 0000000180029950 f   sfc_debug:sfc_api.obj
 0001:000289d0       sfc_api_set_script_breakpoints 00000001800299d0 f   sfc_debug:sfc_api.obj
 0001:00028a20       sfc_api_add_script_breakpoints 0000000180029a20 f   sfc_debug:sfc_api.obj
 0001:00028a70       sfc_api_clear_script_breakpoints 0000000180029a70 f   sfc_debug:sfc_api.obj
 0001:00028ac0       sfc_api_query_script_breakpoints 0000000180029ac0 f   sfc_debug:sfc_api.obj
 0001:00028b20       sfc_api_get_script_id      0000000180029b20 f   sfc_debug:sfc_api.obj
 0001:00028be0       sfc_api_get_active_states  0000000180029be0 f   sfc_debug:sfc_api.obj
 0001:00028c60       sfc_api_break_between_times 0000000180029c60 f   sfc_debug:sfc_api.obj
 0001:00028cc0       sfc_api_get_instance_handle 0000000180029cc0 f   sfc_debug:sfc_api.obj
 0001:00028d70       sfc_api_set_animation      0000000180029d70 f   sfc_debug:sfc_api.obj
 0001:00028dc0       sfc_api_select_chart       0000000180029dc0 f   sfc_debug:sfc_api.obj
 0001:00028e20       sfc_api_select_charts      0000000180029e20 f   sfc_debug:sfc_api.obj
 0001:00028e50       sfc_api_cycle_detection_check 0000000180029e50 f   sfc_debug:sfc_api.obj
 0001:00028ea0       sfc_api_data_range_check   0000000180029ea0 f   sfc_debug:sfc_api.obj
 0001:00028ef0       sfc_api_transition_conflict_check 0000000180029ef0 f   sfc_debug:sfc_api.obj
 0001:00028f40       sfc_api_state_consistency_check 0000000180029f40 f   sfc_debug:sfc_api.obj
 0001:00028f90       sfc_api_set_instance_cv_ids 0000000180029f90 f   sfc_debug:sfc_api.obj
 0001:000290a0       sfc_api_set_script_cv_ids  000000018002a0a0 f   sfc_debug:sfc_api.obj
 0001:00029150       sfc_api_get_current_machine_id 000000018002a150 f   sfc_debug:sfc_api.obj
 0001:00029180       sfc_api_get_current_machine_number 000000018002a180 f   sfc_debug:sfc_api.obj
 0001:000291b0       sfc_api_get_current_chart_number 000000018002a1b0 f   sfc_debug:sfc_api.obj
 0001:000291e0       sfc_api_get_current_instance_number 000000018002a1e0 f   sfc_debug:sfc_api.obj
 0001:00029210       sfc_api_get_current_instance_handle 000000018002a210 f   sfc_debug:sfc_api.obj
 0001:00029230       sfc_api_get_current_is_minor_time_step 000000018002a230 f   sfc_debug:sfc_api.obj
 0001:00029260       sfc_api_get_current_machine_name 000000018002a260 f   sfc_debug:sfc_api.obj
 0001:00029280       sfc_api_get_current_chart_id 000000018002a280 f   sfc_debug:sfc_api.obj
 0001:000292b0       sfc_api_get_current_object_type 000000018002a2b0 f   sfc_debug:sfc_api.obj
 0001:000292e0       sfc_api_get_current_event_type 000000018002a2e0 f   sfc_debug:sfc_api.obj
 0001:00029310       sfc_api_get_current_object_id 000000018002a310 f   sfc_debug:sfc_api.obj
 0001:00029340       sfc_get_current_active_event_type 000000018002a340 f   sfc_debug:sfc_api.obj
 0001:00029370       sfc_api_get_current_active_event_id 000000018002a370 f   sfc_debug:sfc_api.obj
 0001:000293a0       sfc_api_get_current_simulation_time 000000018002a3a0 f   sfc_debug:sfc_api.obj
 0001:000293c0       sfc_get_current_tag_type   000000018002a3c0 f   sfc_debug:sfc_api.obj
 0001:000293f0       sfc_get_current_coverage_percentage 000000018002a3f0 f   sfc_debug:sfc_api.obj
 0001:00029410       sfc_get_current_statement_context 000000018002a410 f   sfc_debug:sfc_api.obj
 0001:00029430       sfc_get_current_optional_integer 000000018002a430 f   sfc_debug:sfc_api.obj
 0001:00029460       sfc_get_current_statement_info 000000018002a460 f   sfc_debug:sfc_api.obj
 0001:00029500       sfc_api_get                000000018002a500 f   sfc_debug:sfc_api.obj
 0001:0002a170       sf_debug_sm_fill_state_activity_data 000000018002b170 f   sfc_debug:sfdb_animation.obj
 0001:0002ca70       void_ptr_stack_vector_free_total 000000018002da70 f   sfc_debug:sfdb_data_browse.obj
 0001:0002cb00       sf_debug_st_terminate_machine 000000018002db00 f   sfc_debug:sfdb_data_browse.obj
 0001:0002cb40       sf_debug_st_terminate_instance 000000018002db40 f   sfc_debug:sfdb_data_browse.obj
 0001:0002cef0       push_on_to_void_ptr_stack  000000018002def0 f   sfc_debug:sfdb_data_browse.obj
 0001:0002d080       pop_from_void_ptr_stack    000000018002e080 f   sfc_debug:sfdb_data_browse.obj
 0001:0002d1b0       sf_debug_st_get_data_value 000000018002e1b0 f   sfc_debug:sfdb_data_browse.obj
 0001:0002d740       mx_value                   000000018002e740 f   sfc_debug:sfdb_data_browse.obj
 0001:0002d780       sf_debug_st_fill_data_struct 000000018002e780 f   sfc_debug:sfdb_data_browse.obj
 0001:0002dac0       data_type_format_strings   000000018002eac0 f   sfc_debug:sfdb_data_browse.obj
 0001:0002db70       sf_debug_st_fill_data      000000018002eb70 f   sfc_debug:sfdb_data_browse.obj
 0001:0002e8c0       sf_debug_hm_get_simulink_handle 000000018002f8c0 f   sfc_debug:sfdb_handle_management.obj
 0001:0002f3c0       sf_debug_hm_initialize_globals 00000001800303c0 f   sfc_debug:sfdb_handle_management.obj
 0001:0002f4c0       sf_debug_hm_get_machine_debug_flag 00000001800304c0 f   sfc_debug:sfdb_handle_management.obj
 0001:0002f630       sf_debug_hm_get_machine_id 0000000180030630 f   sfc_debug:sfdb_handle_management.obj
 0001:0002f750       sf_debug_hm_get_chart_id   0000000180030750 f   sfc_debug:sfdb_handle_management.obj
 0001:0002f8f0       sf_debug_hm_register_executing_SFunction 00000001800308f0 f   sfc_debug:sfdb_handle_management.obj
 0001:0002fc80       sf_debug_hm_form_object_boolean_properties 0000000180030c80 f   sfc_debug:sfdb_handle_management.obj
 0001:0002ff50       sf_debug_hm_form_object_properties 0000000180030f50 f   sfc_debug:sfdb_handle_management.obj
 0001:00030190       sf_debug_hm_terminate_charts 0000000180031190 f   sfc_debug:sfdb_handle_management.obj
 0001:000308f0       sf_debug_hm_terminate_machines 00000001800318f0 f   sfc_debug:sfdb_handle_management.obj
 0001:000324f0       sf_debug_ss_copy_dimension 00000001800334f0 f   sfc_debug:sfdb_symbol_scope.obj
 0001:000325b0       sf_debug_ss_get_number_elements 00000001800335b0 f   sfc_debug:sfdb_symbol_scope.obj
 0001:000325d0       sf_debug_ss_fill_data_struct 00000001800335d0 f   sfc_debug:sfdb_symbol_scope.obj
 0001:00032920       sf_debug_ss_reset_data_info 0000000180033920 f   sfc_debug:sfdb_symbol_scope.obj
 0001:00032980       sf_debug_fill_data_info_by_symbol_scope_entry 0000000180033980 f   sfc_debug:sfdb_symbol_scope.obj
 0001:00032a40       sf_debug_fill_data_info_by_data_vector 0000000180033a40 f   sfc_debug:sfdb_symbol_scope.obj
 0001:00032c90       get_data_info_helper       0000000180033c90 f   sfc_debug:sfdb_symbol_scope.obj
 0001:00032d90       sf_debug_ss_get_data_info  0000000180033d90 f   sfc_debug:sfdb_symbol_scope.obj
 0001:00032fc0       sf_debug_select_mex_function 0000000180033fc0 f   sfc_debug:sfdb_symbol_scope.obj
 0001:00032ff0       sf_debug_is_dyn_matrix_initialized 0000000180033ff0 f   sfc_debug:sfdb_symbol_scope.obj
 0001:00033010       sf_debug_ss_set_data_value_try 0000000180034010 f   sfc_debug:sfdb_symbol_scope.obj
 0001:000331e0       sf_debug_ss_get_data_value 00000001800341e0 f   sfc_debug:sfdb_symbol_scope.obj
 0001:00033950       sf_debug_ss_data_bytes_string 0000000180034950 f   sfc_debug:sfdb_symbol_scope.obj
 0001:00033a00       sf_debug_ss_data_class_string 0000000180034a00 f   sfc_debug:sfdb_symbol_scope.obj
 0001:00033d90       sf_debug_ss_data_size_string 0000000180034d90 f   sfc_debug:sfdb_symbol_scope.obj
 0001:00033e70       sf_debug_ss_data_create_data_info_struct 0000000180034e70 f   sfc_debug:sfdb_symbol_scope.obj
 0001:00034140       sf_debug_ss_data_create_name_value_pair 0000000180035140 f   sfc_debug:sfdb_symbol_scope.obj
 0001:000341e0       sf_debug_ss_data_get_whos_info 00000001800351e0 f   sfc_debug:sfdb_symbol_scope.obj
 0001:000341f0       same_named_data_in_data_array 00000001800351f0 f   sfc_debug:sfdb_symbol_scope.obj
 0001:00035a80       sf_debug_cc_terminate_chart 0000000180036a80 f   sfc_debug:sfdb_coverage.obj
 0001:00035e20       sf_debug_cc_terminate_instance 0000000180036e20 f   sfc_debug:sfdb_coverage.obj
 0001:00036a10       sf_debug_cc_mark_object_if_needed 0000000180037a10 f   sfc_debug:sfdb_coverage.obj
 0001:00037310       sf_debug_bm_initialize_eml 0000000180038310 f   sfc_debug:sfdb_breakpoints.obj
 0001:00038450       sf_debug_bm_map_debug_tag_to_breakpoint_tag 0000000180039450 f   sfc_debug:sfdb_breakpoints.obj
 0001:00038530       sf_debug_bm_is_a_eml_breakpoint_impl 0000000180039530 f   sfc_debug:sfdb_breakpoints.obj
 0001:0003a070       sf_debug_sc_push_on_error_stack 000000018003b070 f   sfc_debug:sfdb_state_consistency.obj
 0001:0003a1a0       sf_debug_sc_reset_error_stack 000000018003b1a0 f   sfc_debug:sfdb_state_consistency.obj
 0001:0003a330       sf_debug_sc_is_state_inconsistent 000000018003b330 f   sfc_debug:sfdb_state_consistency.obj
 0001:0003a630       sf_debug_sc_fill_consistency_info 000000018003b630 f   sfc_debug:sfdb_state_consistency.obj
 0001:0003ac10       void_assertion_fcn         000000018003bc10 f   sfc_debug:sfdb_call_stack.obj
 0001:0003b190       sf_debug_tm_fill_local_trace 000000018003c190 f   sfc_debug:sfdb_call_stack.obj
 0001:0003b760       sf_debug_cd_terminate_instance 000000018003c760 f   sfc_debug:sfdb_cycle_detection.obj
 0001:0003b7c0       sf_debug_cd_free_checksum_stack 000000018003c7c0 f   sfc_debug:sfdb_cycle_detection.obj
 0001:0003b810       sf_debug_cd_reset_pack_strings 000000018003c810 f   sfc_debug:sfdb_cycle_detection.obj
 0001:0003bed0       md5file_clear              000000018003ced0 f   sfc_debug:ckmd5.obj
 0001:0003bf00       Encode                     000000018003cf00 f   sfc_debug:ckmd5.obj
 0001:0003bf50       Decode                     000000018003cf50 f   sfc_debug:ckmd5.obj
 0001:0003bff0       MD5Transform               000000018003cff0 f   sfc_debug:ckmd5.obj
 0001:0003c840       md5file_addn               000000018003d840 f   sfc_debug:ckmd5.obj
 0001:0003c910       md5file_hash               000000018003d910 f   sfc_debug:ckmd5.obj
 0001:0003ce08       pre_c_init                 000000018003de08 f   MSVCRT:crtdll.obj
 0001:0003d0c4       __DllMainCRTStartup        000000018003e0c4 f   MSVCRT:crtdll.obj
 0001:0003d7d0       __DllMainCRTStartup$filt$0 000000018003e7d0 f   MSVCRT:crtdll.obj
 0001:0003d800       __DllMainCRTStartup$fin$1  000000018003e800 f   MSVCRT:crtdll.obj
 0001:0003d81a       _onexit$fin$0              000000018003e81a f   MSVCRT:atonexit.obj
 0001:0003d840       _IsNonwritableInCurrentImage$filt$0 000000018003e840 f   MSVCRT:pesect.obj
